warning: Git tree '/home/timi/skarabox' is dirty
this derivation will be built:
  /nix/store/ifadkl281kk7mc9jfg3wrqkcb3mj8clj-template-test.drv
building '/nix/store/ifadkl281kk7mc9jfg3wrqkcb3mj8clj-template-test.drv'...
[1;31mSKARABOX-TEMPLATE:[0m [1;0mCreated temp dir at /tmp/tmp.ETkA9yASdf, will be cleaned up on exit or abort[0m
[1;31mSKARABOX-TEMPLATE:[0m [1;0mInitialising template[0m
this derivation will be built:
  /nix/store/3gdzkcmx517xkdslmh8qqjk03n7pfi8d-init.drv
building '/nix/store/3gdzkcmx517xkdslmh8qqjk03n7pfi8d-init.drv'...
[1;31mSKARABOX:[0m [1;0mThis script will initiate a Skarabox template in the current directory.[0m
[1;31mSKARABOX:[0m Most of the steps are automatic but there are some instructions you'll need to follow manually at the end, continue? Forced yes
wrote: /tmp/tmp.ETkA9yASdf/ssh_port
wrote: /tmp/tmp.ETkA9yASdf/sops.key
wrote: /tmp/tmp.ETkA9yASdf/host_key
wrote: /tmp/tmp.ETkA9yASdf/hostid
wrote: /tmp/tmp.ETkA9yASdf/knownhosts
wrote: /tmp/tmp.ETkA9yASdf/.gitignore
wrote: /tmp/tmp.ETkA9yASdf/.sops.yaml
wrote: /tmp/tmp.ETkA9yASdf/ssh_skarabox
wrote: /tmp/tmp.ETkA9yASdf/root_passphrase
wrote: /tmp/tmp.ETkA9yASdf/initialHashedPassword
wrote: /tmp/tmp.ETkA9yASdf/ssh_boot_port
wrote: /tmp/tmp.ETkA9yASdf/flake.nix
wrote: /tmp/tmp.ETkA9yASdf/ip
wrote: /tmp/tmp.ETkA9yASdf/data_passphrase
wrote: /tmp/tmp.ETkA9yASdf/configuration.nix
wrote: /tmp/tmp.ETkA9yASdf/system
wrote: /tmp/tmp.ETkA9yASdf/README.md
warning: creating lock file '/tmp/tmp.ETkA9yASdf/flake.lock': 
• Added input 'deploy-rs':
    'github:serokell/deploy-rs/aa07eb05537d4cd025e2310397a6adcedfe72c76?narHash=sha256-3KyjMPUKHkiWhwR91J1YchF6zb6gvckCAY1jOE%2Bne0U%3D' (2024-09-27)
• Added input 'deploy-rs/flake-compat':
    'github:edolstra/flake-compat/0f9255e01c2351cc7d116c072cb317785dd33b33?narHash=sha256-kvjfFW7WAETZlt09AgDn1MrtKzP7t90Vf7vypd3OL1U%3D' (2023-10-04)
• Added input 'deploy-rs/nixpkgs':
    'github:NixOS/nixpkgs/e97b3e4186bcadf0ef1b6be22b8558eab1cdeb5d?narHash=sha256-D%2BzHwkwPc6oYQ4G3A1HuadopqRwUY/JkMwHz1YF7j4Q%3D' (2023-12-11)
• Added input 'deploy-rs/utils':
    'github:numtide/flake-utils/4022d587cbbfd70fe950c1e2083a02621806a725?narHash=sha256-kAuep2h5ajznlPMD9rnQyffWG8EM/C73lejGofXvdM8%3D' (2023-12-04)
• Added input 'deploy-rs/utils/systems':
    'github:nix-systems/default/da67096a3b9bf56a91d16901293e51ba5b49a27e?narHash=sha256-Vy1rq5AaRuLzOxct8nz4T6wlgyUR7zLU309k9mBC768%3D' (2023-04-09)
• Added input 'flake-parts':
    'github:hercules-ci/flake-parts/c621e8422220273271f52058f618c94e405bb0f5?narHash=sha256-hIshGgKZCgWh6AYJpJmRgFdR3WUbkY04o82X05xqQiY%3D' (2025-04-01)
• Added input 'flake-parts/nixpkgs-lib':
    'github:nix-community/nixpkgs.lib/e4822aea2a6d1cdd36653c134cacfd64c97ff4fa?narHash=sha256-b1EdN3cULCqtorQ4QeWgLMrd5ZGOjLSLemfa00heasc%3D' (2025-03-30)
• Added input 'nixpkgs':
    'github:nixos/nixpkgs/8a2f738d9d1f1d986b5a4cd2fd2061a7127237d7?narHash=sha256-sPwcCYuiEopaafePqlG826tBhctuJsLx/mhKKM5Fmjo%3D' (2025-04-23)
• Added input 'skarabox':
    'github:ibizaman/skarabox/2b8a8e3948357a7f802db6c1edd00a9bd948a410?narHash=sha256-IL9bKLwXhVmqLFjZjQrQ9r7wniqYnAhKJpHyEEqg2kE%3D' (2025-04-15)
• Added input 'skarabox/flake-parts':
    'github:hercules-ci/flake-parts/f4330d22f1c5d2ba72d3d22df5597d123fdb60a9?narHash=sha256-%2Bu2UunDA4Cl5Fci3m7S643HzKmIDAe%2BfiXrLqYsR2fs%3D' (2025-03-07)
• Added input 'skarabox/flake-parts/nixpkgs-lib':
    'github:nix-community/nixpkgs.lib/147dee35aab2193b174e4c0868bd80ead5ce755c?narHash=sha256-oiwv/ZK/2FhGxrCkQkB83i7GnWXPPLzoqFHpDD3uYpk%3D' (2025-03-02)
• Added input 'skarabox/nixos-anywhere':
    'github:nix-community/nixos-anywhere/d48c8a01968afc8870b5afcba43b7739c943f7f8?narHash=sha256-xkr0Bl6LShu0S0ubG%2BmS0uokPzmZLvm1pRzDFesgugg%3D' (2025-03-23)
• Added input 'skarabox/nixos-anywhere/disko':
    'github:nix-community/disko/0d8c6ad4a43906d14abd5c60e0ffe7b587b213de?narHash=sha256-VT65AE2syHVj6v/DGB496bqBnu1PXrrzwlw07/Zpllc%3D' (2025-03-12)
• Added input 'skarabox/nixos-anywhere/disko/nixpkgs':
    follows 'skarabox/nixos-anywhere/nixpkgs'
• Added input 'skarabox/nixos-anywhere/flake-parts':
    'github:hercules-ci/flake-parts/f4330d22f1c5d2ba72d3d22df5597d123fdb60a9?narHash=sha256-%2Bu2UunDA4Cl5Fci3m7S643HzKmIDAe%2BfiXrLqYsR2fs%3D' (2025-03-07)
• Added input 'skarabox/nixos-anywhere/flake-parts/nixpkgs-lib':
    follows 'skarabox/nixos-anywhere/nixpkgs'
• Added input 'skarabox/nixos-anywhere/nixos-images':
    'github:nix-community/nixos-images/55f23642b75d501387691a22a7e86fbc22d06372?narHash=sha256-6M0lxz78i79n0UUm6GP/r7zMFXWr0V7gZhpnmtLSlJQ%3D' (2025-03-20)
• Added input 'skarabox/nixos-anywhere/nixos-images/nixos-stable':
    follows 'skarabox/nixos-anywhere/nixos-stable'
• Added input 'skarabox/nixos-anywhere/nixos-images/nixos-unstable':
    follows 'skarabox/nixos-anywhere/nixpkgs'
• Added input 'skarabox/nixos-anywhere/nixos-stable':
    'github:NixOS/nixpkgs/7105ae3957700a9646cc4b766f5815b23ed0c682?narHash=sha256-8XfURTDxOm6%2B33swQJu/hx6xw1Tznl8vJJN5HwVqckg%3D' (2025-03-20)
• Added input 'skarabox/nixos-anywhere/nixpkgs':
    follows 'skarabox/nixpkgs'
• Added input 'skarabox/nixos-anywhere/treefmt-nix':
    'github:numtide/treefmt-nix/adc195eef5da3606891cedf80c0d9ce2d3190808?narHash=sha256-XRE8hL4vKIQyVMDXykFh4ceo3KSpuJF3ts8GKwh5bIU%3D' (2025-03-19)
• Added input 'skarabox/nixos-anywhere/treefmt-nix/nixpkgs':
    follows 'skarabox/nixos-anywhere/nixpkgs'
• Added input 'skarabox/nixos-generators':
    'github:nix-community/nixos-generators/42ee229088490e3777ed7d1162cb9e9d8c3dbb11?narHash=sha256-QaMEhcnscfF2MqB7flZr%2BsLJMMYZPnvqO4NYf9B4G38%3D' (2025-03-21)
• Added input 'skarabox/nixos-generators/nixlib':
    'github:nix-community/nixpkgs.lib/1418bc28a52126761c02dd3d89b2d8ca0f521181?narHash=sha256-tmpqTSWVRJVhpvfSN9KXBvKEXplrwKnSZNAoNPf/S/s%3D' (2025-01-12)
• Added input 'skarabox/nixos-generators/nixpkgs':
    follows 'skarabox/nixpkgs'
• Added input 'skarabox/nixpkgs':
    follows 'nixpkgs'
• Added input 'sops-nix':
    'github:Mic92/sops-nix/5e3e92b16d6fdf9923425a8d4df7496b2434f39c?narHash=sha256-ePyTpKEJTgX0gvgNQWd7tQYQ3glIkbqcW778RpHlqgA%3D' (2025-04-22)
• Added input 'sops-nix/nixpkgs':
    'github:NixOS/nixpkgs/ebe4301cbd8f81c4f8d3244b3632338bbeb6d49c?narHash=sha256-5RJTdUHDmj12Qsv7XOhuospjAjATNiTMElplWnJE9Hs%3D' (2025-04-17)
warning: updating lock file '/tmp/tmp.ETkA9yASdf/flake.lock':
• Updated input 'skarabox':
    'github:ibizaman/skarabox/2b8a8e3948357a7f802db6c1edd00a9bd948a410?narHash=sha256-IL9bKLwXhVmqLFjZjQrQ9r7wniqYnAhKJpHyEEqg2kE%3D' (2025-04-15)
  → 'path:/nix/store/6q8427s8inil9ywqzads3lsidf6jn0pz-wfrnykszk2nh5s7vn7a9xfv1mjznyvjw-source?lastModified=1&narHash=sha256-5/9Nc%2Bz4l3QagUK18%2Bip5r0GKF9l1dgYW5GjO%2BntAck%3D' (1970-01-01)
[1;31mSKARABOX:[0m [1;0mNow, we will generate the secrets needed.[0m
[1;31mSKARABOX:[0m [1;0mGenerating server host key in ./host_key and ./host_key.pub...[0m
Generating public/private ed25519 key pair.
Your identification has been saved in host_key
Your public key has been saved in host_key.pub
The key fingerprint is:
SHA256:/jEwAJIViDF1zZtvJiiCBDKbODobNSah2tSDI4Oxfyg timi@baryum
The key's randomart image is:
+--[ED25519 256]--+
|o+o+=+           |
|B.oo .o          |
|*B o  .o         |
|%.B o o.         |
|=@ + o .S        |
|E = o ..+o       |
| * o   +. o      |
|.        . o     |
|          .      |
+----[SHA256]-----+
[1;31mSKARABOX:[0m [1;0mGenerating known hosts file in ./known_hosts...[0m
[1;31mSKARABOX:[0m [1;0mGenerating ssh key in ./ssh_skarabox and ./ssh_skarabox.pub...[0m
Generating public/private ed25519 key pair.
Your identification has been saved in ssh_skarabox
Your public key has been saved in ssh_skarabox.pub
The key fingerprint is:
SHA256:K2pCctZNNZRJAAhbVpLasdakqznLOQOG5KWCF4CRrZc timi@baryum
The key's randomart image is:
+--[ED25519 256]--+
|+=++o..+oo       |
|++=..   =        |
|.= B   . .       |
|o.E.. .          |
|=oo+ o  S        |
|*+* . .  .       |
|+O    . .        |
|=oo .. .         |
|.=oo.            |
+----[SHA256]-----+
[1;31mSKARABOX:[0m [1;0mGenerating initial password for user in ./initialHashedPassword...[0m
[1;31mSKARABOX:[0m [1;0mGenerating hostid in ./hostid...[0m
[1;31mSKARABOX:[0m [1;0mGenerating root pool passphrase in ./root_passphrase...[0m
[1;31mSKARABOX:[0m [1;0mGenerating data pool passphrase in ./data_passphrase...[0m
[1;31mSKARABOX:[0m [1;0mGenerating sops key ./sops.key...[0m
Public key: age1nt5v5rem5l2un572vs7zy7xht866q3dkz243ctm7pn6fnxw8t49qjnye7c
[1;31mSKARABOX:[0m [1;0mYou will need to fill out the ./ip file and ./system file[0m
[1;31mSKARABOX:[0m [1;0mAfter that, the next step is to follow the ./README.md file[0m
[1;31mSKARABOX-TEMPLATE:[0m [1;0mInitialisation done[0m
evaluating ''...
[1mpath:/tmp/tmp.ETkA9yASdf?lastModified=1745570489&narHash=sha256-u8UdlOSrIRlTdcYFH9e%2BGv21NtFeZYFMkmlCRg9hggA%3D[0m
evaluating 'apps'...
[32;1m├───[0m[1mapps[0m
evaluating 'apps.aarch64-linux'...
[32;1m│   ├───[0m[1maarch64-linux[0m
evaluating 'apps.aarch64-linux.deploy'...
[32;1m│   │   └───[0m[1mdeploy[0m: app
evaluating 'apps.x86_64-linux'...
[32;1m│   └───[0m[1mx86_64-linux[0m
evaluating 'apps.x86_64-linux.deploy'...
[32;1m│       └───[0m[1mdeploy[0m: app
evaluating 'checks'...
[32;1m├───[0m[1mchecks[0m
evaluating 'checks.aarch64-darwin'...
[32;1m│   ├───[0m[1maarch64-darwin[0m
evaluating 'checks.aarch64-darwin.deploy-activate'...
[32;1m│   │   ├───[0m[1mdeploy-activate[0m [35;1momitted[0m (use '--all-systems' to show)
evaluating 'checks.aarch64-darwin.deploy-schema'...
[32;1m│   │   └───[0m[1mdeploy-schema[0m [35;1momitted[0m (use '--all-systems' to show)
evaluating 'checks.aarch64-linux'...
[32;1m│   ├───[0m[1maarch64-linux[0m
evaluating 'checks.aarch64-linux.deploy-activate'...
[32;1m│   │   ├───[0m[1mdeploy-activate[0m [35;1momitted[0m (use '--all-systems' to show)
evaluating 'checks.aarch64-linux.deploy-schema'...
[32;1m│   │   └───[0m[1mdeploy-schema[0m [35;1momitted[0m (use '--all-systems' to show)
evaluating 'checks.x86_64-darwin'...
[32;1m│   ├───[0m[1mx86_64-darwin[0m
evaluating 'checks.x86_64-darwin.deploy-activate'...
[32;1m│   │   ├───[0m[1mdeploy-activate[0m [35;1momitted[0m (use '--all-systems' to show)
evaluating 'checks.x86_64-darwin.deploy-schema'...
[32;1m│   │   └───[0m[1mdeploy-schema[0m [35;1momitted[0m (use '--all-systems' to show)
evaluating 'checks.x86_64-linux'...
[32;1m│   └───[0m[1mx86_64-linux[0m
evaluating 'checks.x86_64-linux.deploy-activate'...
[32;1m│       ├───[0m[1mdeploy-activate[0m: derivation 'deploy-rs-check-activate'
evaluating 'checks.x86_64-linux.deploy-schema'...
[32;1m│       └───[0m[1mdeploy-schema[0m: derivation 'jsonschema-deploy-system'
evaluating 'deploy'...
[32;1m├───[0m[1mdeploy[0m: [35;1munknown[0m
evaluating 'nixosConfigurations'...
[32;1m├───[0m[1mnixosConfigurations[0m
evaluating 'nixosConfigurations.skarabox'...
[32;1m│   └───[0m[1mskarabox[0m: [35;1mNixOS configuration[0m
evaluating 'nixosModules'...
[32;1m├───[0m[1mnixosModules[0m
evaluating 'nixosModules.skarabox'...
[32;1m│   └───[0m[1mskarabox[0m: [35;1mNixOS module[0m
evaluating 'packages'...
[32;1m└───[0m[1mpackages[0m
evaluating 'packages.aarch64-linux'...
[32;1m    ├───[0m[1maarch64-linux[0m
evaluating 'packages.aarch64-linux.age'...
[32;1m    │   ├───[0m[1mage[0m [35;1momitted[0m (use '--all-systems' to show)
evaluating 'packages.aarch64-linux.beacon'...
[32;1m    │   ├───[0m[1mbeacon[0m [35;1momitted[0m (use '--all-systems' to show)
evaluating 'packages.aarch64-linux.beacon-vm'...
[32;1m    │   ├───[0m[1mbeacon-vm[0m [35;1momitted[0m (use '--all-systems' to show)
evaluating 'packages.aarch64-linux.boot-ssh'...
[32;1m    │   ├───[0m[1mboot-ssh[0m [35;1momitted[0m (use '--all-systems' to show)
evaluating 'packages.aarch64-linux.install-on-beacon'...
[32;1m    │   ├───[0m[1minstall-on-beacon[0m [35;1momitted[0m (use '--all-systems' to show)
evaluating 'packages.aarch64-linux.mkpasswd'...
[32;1m    │   ├───[0m[1mmkpasswd[0m [35;1momitted[0m (use '--all-systems' to show)
evaluating 'packages.aarch64-linux.openssl'...
[32;1m    │   ├───[0m[1mopenssl[0m [35;1momitted[0m (use '--all-systems' to show)
evaluating 'packages.aarch64-linux.sops'...
[32;1m    │   ├───[0m[1msops[0m [35;1momitted[0m (use '--all-systems' to show)
evaluating 'packages.aarch64-linux.ssh'...
[32;1m    │   ├───[0m[1mssh[0m [35;1momitted[0m (use '--all-systems' to show)
evaluating 'packages.aarch64-linux.ssh-to-age'...
[32;1m    │   ├───[0m[1mssh-to-age[0m [35;1momitted[0m (use '--all-systems' to show)
evaluating 'packages.aarch64-linux.usbimager'...
[32;1m    │   ├───[0m[1musbimager[0m [35;1momitted[0m (use '--all-systems' to show)
evaluating 'packages.aarch64-linux.util-linux'...
[32;1m    │   └───[0m[1mutil-linux[0m [35;1momitted[0m (use '--all-systems' to show)
evaluating 'packages.x86_64-linux'...
[32;1m    └───[0m[1mx86_64-linux[0m
evaluating 'packages.x86_64-linux.age'...
[32;1m        ├───[0m[1mage[0m: package 'age-1.2.1'
evaluating 'packages.x86_64-linux.beacon'...
[32;1m        ├───[0m[1mbeacon[0m: package 'beacon.iso'
evaluating 'packages.x86_64-linux.beacon-vm'...
[32;1m        ├───[0m[1mbeacon-vm[0m: package 'beacon-vm.sh'
evaluating 'packages.x86_64-linux.boot-ssh'...
[32;1m        ├───[0m[1mboot-ssh[0m: package 'ssh.sh'
evaluating 'packages.x86_64-linux.install-on-beacon'...
[32;1m        ├───[0m[1minstall-on-beacon[0m: package 'install-on-beacon.sh'
evaluating 'packages.x86_64-linux.mkpasswd'...
[32;1m        ├───[0m[1mmkpasswd[0m: package 'mkpasswd-5.5.23'
evaluating 'packages.x86_64-linux.openssl'...
[32;1m        ├───[0m[1mopenssl[0m: package 'openssl-3.4.1'
evaluating 'packages.x86_64-linux.sops'...
[32;1m        ├───[0m[1msops[0m: package 'sops-3.10.2'
evaluating 'packages.x86_64-linux.ssh'...
[32;1m        ├───[0m[1mssh[0m: package 'ssh.sh'
evaluating 'packages.x86_64-linux.ssh-to-age'...
[32;1m        ├───[0m[1mssh-to-age[0m: package 'ssh-to-age-1.1.11'
evaluating 'packages.x86_64-linux.usbimager'...
[32;1m        ├───[0m[1musbimager[0m: package 'usbimager-1.0.10'
evaluating 'packages.x86_64-linux.util-linux'...
[32;1m        └───[0m[1mutil-linux[0m: package 'util-linux-2.40.4'
[1;31mSKARABOX-TEMPLATE:[0m [1;0mStarting beacon VM.[0m
[1;31mSKARABOX-TEMPLATE:[0m [1;0mStarting ssh loop to figure out when beacon started.[0m
[1;31mSKARABOX-TEMPLATE:[0m [1;0mYou might see some flickering on the command line.[0m
+ /nix/store/257i64awpysxhsfafgrd25mzv4csdzpg-openssh-9.9p2/bin/ssh -p 2222 nixos@127.0.0.1 -o IdentitiesOnly=yes -o StrictHostKeyChecking=no -o UserKnownHostsFile=known_hosts -o ConnectTimeout=10 -i ssh_skarabox echo connected
ssh: connect to host 127.0.0.1 port 2222: Connection refused
+ /nix/store/257i64awpysxhsfafgrd25mzv4csdzpg-openssh-9.9p2/bin/ssh -p 2222 nixos@127.0.0.1 -o IdentitiesOnly=yes -o StrictHostKeyChecking=no -o UserKnownHostsFile=known_hosts -o ConnectTimeout=10 -i ssh_skarabox echo connected
ssh: connect to host 127.0.0.1 port 2222: Connection refused
+ /nix/store/257i64awpysxhsfafgrd25mzv4csdzpg-openssh-9.9p2/bin/ssh -p 2222 nixos@127.0.0.1 -o IdentitiesOnly=yes -o StrictHostKeyChecking=no -o UserKnownHostsFile=known_hosts -o ConnectTimeout=10 -i ssh_skarabox echo connected
ssh: connect to host 127.0.0.1 port 2222: Connection refused
+ /nix/store/257i64awpysxhsfafgrd25mzv4csdzpg-openssh-9.9p2/bin/ssh -p 2222 nixos@127.0.0.1 -o IdentitiesOnly=yes -o StrictHostKeyChecking=no -o UserKnownHostsFile=known_hosts -o ConnectTimeout=10 -i ssh_skarabox echo connected
ssh: connect to host 127.0.0.1 port 2222: Connection refused
+ /nix/store/257i64awpysxhsfafgrd25mzv4csdzpg-openssh-9.9p2/bin/ssh -p 2222 nixos@127.0.0.1 -o IdentitiesOnly=yes -o StrictHostKeyChecking=no -o UserKnownHostsFile=known_hosts -o ConnectTimeout=10 -i ssh_skarabox echo connected
ssh: connect to host 127.0.0.1 port 2222: Connection refused
these 9 derivations will be built:
  /nix/store/h8i08ggvr9xyqkv1mc8kyl7ij2wz8l99-nixos-authorized_keys.drv
  /nix/store/q81hmrpljsyjxn2qmchvaxprnif9qa3x-etc.drv
  /nix/store/hifa2023jgfxf1xixcbv5pl35lc877x5-nixos-system-nixos-25.05.20250423.8a2f738.drv
  /nix/store/1p7mp1hzffp4w4fl938mkwmy4l1gi6ir-efi-directory.drv
  /nix/store/nvz5r0q5pd8nxp7sdb493di1gmkxkwbn-isolinux.cfg.drv
  /nix/store/xx2g7jwg56cac7aipwxcwj1742xmjp83-efi-image_eltorito.drv
  /nix/store/srss5wxnalaadwq2ra2qws1xlbslmyij-beacon.iso.drv
  /nix/store/4vi6jpm437gq4cszxnyl2kma8i7mmlzv-beacon-vm.sh.drv
  /nix/store/dri0qg9zkw3pfingpbn00m96w6idj8a6-beacon-vm.sh.drv
building '/nix/store/h8i08ggvr9xyqkv1mc8kyl7ij2wz8l99-nixos-authorized_keys.drv'...
building '/nix/store/q81hmrpljsyjxn2qmchvaxprnif9qa3x-etc.drv'...
+ /nix/store/257i64awpysxhsfafgrd25mzv4csdzpg-openssh-9.9p2/bin/ssh -p 2222 nixos@127.0.0.1 -o IdentitiesOnly=yes -o StrictHostKeyChecking=no -o UserKnownHostsFile=known_hosts -o ConnectTimeout=10 -i ssh_skarabox echo connected
ssh: connect to host 127.0.0.1 port 2222: Connection refused
building '/nix/store/hifa2023jgfxf1xixcbv5pl35lc877x5-nixos-system-nixos-25.05.20250423.8a2f738.drv'...
building '/nix/store/1p7mp1hzffp4w4fl938mkwmy4l1gi6ir-efi-directory.drv'...
building '/nix/store/nvz5r0q5pd8nxp7sdb493di1gmkxkwbn-isolinux.cfg.drv'...
efi-directory> Building GRUB with modules:
efi-directory>  - fat
efi-directory>  - iso9660
efi-directory>  - part_gpt
efi-directory>  - part_msdos
efi-directory>  - normal
efi-directory>  - boot
efi-directory>  - linux
efi-directory>  - configfile
efi-directory>  - loopback
efi-directory>  - chain
efi-directory>  - halt
efi-directory>  - efifwsetup
efi-directory>  - efi_gop
efi-directory>  - ls
efi-directory>  - search
efi-directory>  - search_label
efi-directory>  - search_fs_uuid
efi-directory>  - search_fs_file
efi-directory>  - echo
efi-directory>  - serial
efi-directory>  - gfxmenu
efi-directory>  - gfxterm
efi-directory>  - gfxterm_background
efi-directory>  - gfxterm_menu
efi-directory>  - test
efi-directory>  - loadenv
efi-directory>  - all_video
efi-directory>  - videoinfo
efi-directory>  - png
efi-directory> Adding additional modules:
efi-directory>  - efi_uga
efi-directory> '/nix/store/ydpkhaa56p40qjlcaghiszq731rrdj6y-refind-0.14.2/share/refind/refind_x64.efi' -> '/nix/store/0lh5h0k27pmgb53fpzwfxh133cv6m2l0-efi-directory/EFI/BOOT/refind_x64.efi'
building '/nix/store/xx2g7jwg56cac7aipwxcwj1742xmjp83-efi-image_eltorito.drv'...
efi-image_eltorito> Usage size: 2097152
efi-image_eltorito> Image size: 3145728
efi-image_eltorito> mkfs.fat 4.2 (2021-01-31)
efi-image_eltorito> Copying BOOTX64.EFI
efi-image_eltorito> Copying grub.cfg
efi-image_eltorito> Copying refind_x64.efi
efi-image_eltorito> fsck.fat 4.2 (2021-01-31)
efi-image_eltorito> Checking we can access the last sector of the filesystem
efi-image_eltorito> Boot sector contents:
efi-image_eltorito> System ID "mkfs.fat"
efi-image_eltorito> Media byte 0xf8 (hard disk)
efi-image_eltorito>        512 bytes per logical sector
efi-image_eltorito>       2048 bytes per cluster
efi-image_eltorito>          1 reserved sector
efi-image_eltorito> First FAT starts at byte 512 (sector 1)
efi-image_eltorito>          2 FATs, 12 bit entries
efi-image_eltorito>       2560 bytes per FAT (= 5 sectors)
efi-image_eltorito> Root directory starts at byte 5632 (sector 11)
efi-image_eltorito>        512 root directory entries
efi-image_eltorito> Data area starts at byte 22016 (sector 43)
efi-image_eltorito>       1525 data clusters (3123200 bytes)
efi-image_eltorito> 32 sectors/track, 2 heads
efi-image_eltorito>          0 hidden sectors
efi-image_eltorito>       6144 sectors total
efi-image_eltorito> Checking for unused clusters.
efi-image_eltorito> /nix/store/xkiwhnn7y6r92jzgcj8r09q40cpca1kk-efi-image_eltorito: 6 files, 715/1525 clusters
building '/nix/store/srss5wxnalaadwq2ra2qws1xlbslmyij-beacon.iso.drv'...
beacon.iso> structuredAttrs is enabled
beacon.iso> xorriso 1.5.6 : RockRidge filesystem manipulator, libburnia project.
beacon.iso> xorriso : NOTE : Environment variable SOURCE_DATE_EPOCH encountered with value 315532800
beacon.iso> Drive current: -outdev 'stdio:/nix/store/i1pi6js32na0cb7g74c1j6w302iga9qa-beacon.iso/iso/beacon.iso'
beacon.iso> Media current: stdio file, overwriteable
beacon.iso> Media status : is blank
beacon.iso> Media summary: 0 sessions, 0 data blocks, 0 data,  261g free
beacon.iso> xorriso : WARNING : -volid text does not comply to ISO 9660 / ECMA 119 rules
beacon.iso> xorriso : UPDATE :     194 files added in 1 seconds
beacon.iso> Added 12 items from file 'pathlist'
beacon.iso> xorriso : UPDATE :     194 files added in 1 seconds
beacon.iso> xorriso : NOTE : Copying to System Area: 432 bytes from file '/nix/store/76g4cd5xzpxvc0nlllgarqq21rsxj1fy-syslinux-unstable-2019-02-07/share/syslinux/isohdpfx.bin'
beacon.iso> libisofs: NOTE : Aligned image size to cylinder size by 257 blocks
beacon.iso> xorriso : UPDATE :  62.62% done
beacon.iso> ISO image produced: 25088 sectors
beacon.iso> Written to medium : 25088 sectors at LBA 0
beacon.iso> Writing to 'stdio:/nix/store/i1pi6js32na0cb7g74c1j6w302iga9qa-beacon.iso/iso/beacon.iso' completed successfully.
building '/nix/store/4vi6jpm437gq4cszxnyl2kma8i7mmlzv-beacon-vm.sh.drv'...
building '/nix/store/dri0qg9zkw3pfingpbn00m96w6idj8a6-beacon-vm.sh.drv'...
Formatting '.skarabox-tmp/disk1.qcow2', fmt=qcow2 cluster_size=65536 extended_l2=off compression_type=zlib size=21474836480 lazy_refcounts=off refcount_bits=16
Formatting '.skarabox-tmp/disk2.qcow2', fmt=qcow2 cluster_size=65536 extended_l2=off compression_type=zlib size=21474836480 lazy_refcounts=off refcount_bits=16
Formatting '.skarabox-tmp/disk3.qcow2', fmt=qcow2 cluster_size=65536 extended_l2=off compression_type=zlib size=21474836480 lazy_refcounts=off refcount_bits=16
qemu-system-x86_64: Could not access KVM kernel module: No such file or directory
qemu-system-x86_64: failed to initialize kvm: No such file or directory
qemu-system-x86_64: falling back to tcg
[2J[01;01H[=3h[2J[01;01H[2J[01;01H[=3h[2J[01;01H[2J[01;01H[=3h[2J[01;01H+ /nix/store/257i64awpysxhsfafgrd25mzv4csdzpg-openssh-9.9p2/bin/ssh -p 2222 nixos@127.0.0.1 -o IdentitiesOnly=yes -o StrictHostKeyChecking=no -o UserKnownHostsFile=known_hosts -o ConnectTimeout=10 -i ssh_skarabox echo connected
BdsDxe: loading Boot0001 "UEFI QEMU DVD-ROM QM00001 " from PciRoot(0x0)/Pci(0x1,0x1)/Ata(Primary,Master,0x0)
BdsDxe: starting Boot0001 "UEFI QEMU DVD-ROM QM00001 " from PciRoot(0x0)/Pci(0x1,0x1)/Ata(Primary,Master,0x0)

Loading graphical boot menu...

Press 't' to use the text boot menu on this console...

Connection timed out during banner exchange
Connection to 127.0.0.1 port 2222 timed out
+ /nix/store/257i64awpysxhsfafgrd25mzv4csdzpg-openssh-9.9p2/bin/ssh -p 2222 nixos@127.0.0.1 -o IdentitiesOnly=yes -o StrictHostKeyChecking=no -o UserKnownHostsFile=known_hosts -o ConnectTimeout=10 -i ssh_skarabox echo connected
EFI stub: Loaded initrd from LINUX_EFI_INITRD_MEDIA_GUID device path
Connection timed out during banner exchange
Connection to 127.0.0.1 port 2222 timed out
+ /nix/store/257i64awpysxhsfafgrd25mzv4csdzpg-openssh-9.9p2/bin/ssh -p 2222 nixos@127.0.0.1 -o IdentitiesOnly=yes -o StrictHostKeyChecking=no -o UserKnownHostsFile=known_hosts -o ConnectTimeout=10 -i ssh_skarabox echo connected
Connection timed out during banner exchange
Connection to 127.0.0.1 port 2222 timed out
+ /nix/store/257i64awpysxhsfafgrd25mzv4csdzpg-openssh-9.9p2/bin/ssh -p 2222 nixos@127.0.0.1 -o IdentitiesOnly=yes -o StrictHostKeyChecking=no -o UserKnownHostsFile=known_hosts -o ConnectTimeout=10 -i ssh_skarabox echo connected
Connection timed out during banner exchange
Connection to 127.0.0.1 port 2222 timed out
+ /nix/store/257i64awpysxhsfafgrd25mzv4csdzpg-openssh-9.9p2/bin/ssh -p 2222 nixos@127.0.0.1 -o IdentitiesOnly=yes -o StrictHostKeyChecking=no -o UserKnownHostsFile=known_hosts -o ConnectTimeout=10 -i ssh_skarabox echo connected
Connection timed out during banner exchange
Connection to 127.0.0.1 port 2222 timed out
+ /nix/store/257i64awpysxhsfafgrd25mzv4csdzpg-openssh-9.9p2/bin/ssh -p 2222 nixos@127.0.0.1 -o IdentitiesOnly=yes -o StrictHostKeyChecking=no -o UserKnownHostsFile=known_hosts -o ConnectTimeout=10 -i ssh_skarabox echo connected
Connection timed out during banner exchange
Connection to 127.0.0.1 port 2222 timed out
+ /nix/store/257i64awpysxhsfafgrd25mzv4csdzpg-openssh-9.9p2/bin/ssh -p 2222 nixos@127.0.0.1 -o IdentitiesOnly=yes -o StrictHostKeyChecking=no -o UserKnownHostsFile=known_hosts -o ConnectTimeout=10 -i ssh_skarabox echo connected
Connection timed out during banner exchange
Connection to 127.0.0.1 port 2222 timed out
+ /nix/store/257i64awpysxhsfafgrd25mzv4csdzpg-openssh-9.9p2/bin/ssh -p 2222 nixos@127.0.0.1 -o IdentitiesOnly=yes -o StrictHostKeyChecking=no -o UserKnownHostsFile=known_hosts -o ConnectTimeout=10 -i ssh_skarabox echo connected
Warning: Permanently added '[127.0.0.1]:2222' (ED25519) to the list of known hosts.
connected
[1;31mSKARABOX-TEMPLATE:[0m [1;0mBeacon VM has started.[0m
[1;31mSKARABOX-TEMPLATE:[0m [1;0mStarting installation on beacon VM.[0m
this derivation will be built:
  /nix/store/dyzmqwwh4vqmk1m5dyhgspjw5vlmhg5j-install-on-beacon.sh.drv
building '/nix/store/dyzmqwwh4vqmk1m5dyhgspjw5vlmhg5j-install-on-beacon.sh.drv'...
+ /nix/store/4l66pk5gvyjzk2g5234f4v8jl2b8ysyg-nixos-anywhere-1.8.0/bin/nixos-anywhere --flake .#skarabox --disk-encryption-keys /tmp/host_key host_key --disk-encryption-keys /tmp/root_passphrase root_passphrase --disk-encryption-keys /tmp/data_passphrase data_passphrase --ssh-port 2222 nixos@127.0.0.1 --ssh-option ConnectTimeout=10 -i ssh_skarabox
### Uploading install SSH keys ###
/run/current-system/sw/bin/ssh-copy-id: INFO: Source of key(s) to be installed: "/tmp/tmp.RfkQ8RbbK2/nixos-anywhere.pub"
Warning: Permanently added '[127.0.0.1]:2222' (ED25519) to the list of known hosts.

Number of key(s) added: 1

Now try logging into the machine, with: "ssh -i /tmp/tmp.RfkQ8RbbK2/nixos-anywhere -p 2222 -o 'ConnectTimeout=10' -o 'UserKnownHostsFile=/dev/null' -o 'StrictHostKeyChecking=no' -o 'IdentityFile=ssh_skarabox' -o 'ConnectTimeout=10' 'nixos@127.0.0.1'"
and check to make sure that only the key(s) you wanted were added.

### Gathering machine facts ###
Pseudo-terminal will not be allocated because stdin is not a terminal.
Warning: Permanently added '[127.0.0.1]:2222' (ED25519) to the list of known hosts.
Warning: Permanently added '[127.0.0.1]:2222' (ED25519) to the list of known hosts.
evaluation warning: The combination of `systemd.network.enable = true`, `networking.useDHCP = true` and `networking.useNetworkd = false` can cause both networkd and dhcpcd to manage the same interfaces. This can lead to loss of networking. It is recommended you choose only one of networkd (by also enabling `networking.useNetworkd`) or scripting (by disabling `systemd.network.enable`)
these 9 derivations will be built:
  /nix/store/i3ar09r0b4mhhfjmldpcl9a63pq1mpqz-stage-1-init.sh.drv
  /nix/store/1wrjs4z2zyzl6qw9xyy49smcbgzrjzgr-closure-info.drv
  /nix/store/8qmafmfj7mm6mg85zz16ra8rkg0hz4yi-users-groups.json.drv
  /nix/store/n6q3ab2dd1c5rhm12z29kjzcs9jiyc99-initrd-linux-6.12.24.drv
  /nix/store/clkd425k07lhxbb5iqxmy25x4g5k0lc2-boot.json.drv
  /nix/store/kp2vdf1pjywq66bmz90h3pkpibb95v84-skarabox-authorized_keys.drv
  /nix/store/sfryymp8ynr6zgs5p8kvv1zidggs324c-gen-hostid.drv
  /nix/store/ipmj5gsr5amhfdyzc656i043sd8jspm4-etc.drv
  /nix/store/vvkng905si4a5bnfjz8rjcl51sbjjl4f-nixos-system-skarabox-25.05.20250423.8a2f738.drv
building '/nix/store/8qmafmfj7mm6mg85zz16ra8rkg0hz4yi-users-groups.json.drv'...
building '/nix/store/kp2vdf1pjywq66bmz90h3pkpibb95v84-skarabox-authorized_keys.drv'...
building '/nix/store/sfryymp8ynr6zgs5p8kvv1zidggs324c-gen-hostid.drv'...
building '/nix/store/i3ar09r0b4mhhfjmldpcl9a63pq1mpqz-stage-1-init.sh.drv'...
building '/nix/store/ipmj5gsr5amhfdyzc656i043sd8jspm4-etc.drv'...
building '/nix/store/1wrjs4z2zyzl6qw9xyy49smcbgzrjzgr-closure-info.drv'...
building '/nix/store/n6q3ab2dd1c5rhm12z29kjzcs9jiyc99-initrd-linux-6.12.24.drv'...
building '/nix/store/clkd425k07lhxbb5iqxmy25x4g5k0lc2-boot.json.drv'...
building '/nix/store/vvkng905si4a5bnfjz8rjcl51sbjjl4f-nixos-system-skarabox-25.05.20250423.8a2f738.drv'...
Warning: Permanently added '[127.0.0.1]:2222' (ED25519) to the list of known hosts.
Connection to 127.0.0.1 closed.
### Uploading data_passphrase to /tmp/data_passphrase ###
Pseudo-terminal will not be allocated because stdin is not a terminal.
Warning: Permanently added '[127.0.0.1]:2222' (ED25519) to the list of known hosts.
### Uploading host_key to /tmp/host_key ###
Pseudo-terminal will not be allocated because stdin is not a terminal.
Warning: Permanently added '[127.0.0.1]:2222' (ED25519) to the list of known hosts.
### Uploading root_passphrase to /tmp/root_passphrase ###
Pseudo-terminal will not be allocated because stdin is not a terminal.
Warning: Permanently added '[127.0.0.1]:2222' (ED25519) to the list of known hosts.
Warning: Permanently added '[127.0.0.1]:2222' (ED25519) to the list of known hosts.
copying path '/nix/store/mbx9ii53lzjlrsnlrfmzpwm33ynljwdn-libunistring-1.3' from 'https://cache.nixos.org'...
copying path '/nix/store/vkzpxda2i8ma7nai7pqvax0njls2biki-dns-root-data-2024-06-20' from 'https://cache.nixos.org'...
copying path '/nix/store/vlakxzizv2i57kjwzh47maxgqcc462sc-mailcap-2.1.54' from 'https://cache.nixos.org'...
copying path '/nix/store/fzng86iv5f6gws4cdv97s7va7kxnd43q-gcc-14.2.1.20250322-libgcc' from 'https://cache.nixos.org'...
copying path '/nix/store/jgb9ijhkwa7298hmqnsagsznarix9j6w-publicsuffix-list-0-unstable-2025-03-12' from 'https://cache.nixos.org'...
copying path '/nix/store/rf8hcy6bldxdqc0g6q1dcka1vh47x69s-xgcc-14.2.1.20250322-libgcc' from 'https://cache.nixos.org'...
copying path '/nix/store/pgx4rl405kbza51ym2xal9xr0qxc01jk-tzdata-2025b' from 'https://cache.nixos.org'...
copying path '/nix/store/k9bxzr1l92r5y6mihrkbpbr3fmc8qszx-libidn2-2.3.8' from 'https://cache.nixos.org'...
copying path '/nix/store/vbrdc5wgzn0w1zdp10xd2favkjn5fk7y-glibc-2.40-66' from 'https://cache.nixos.org'...
copying path '/nix/store/gki9d8dw4r9ri6zx44vsj90dnn9zji48-attr-2.5.2' from 'https://cache.nixos.org'...
copying path '/nix/store/9nw8b61s8lfdn8fkabxhbz0s775gjhbr-bash-5.2p37' from 'https://cache.nixos.org'...
copying path '/nix/store/kmrk6s3mlf7an638hfy6lhi6y4dkmqa4-brotli-1.1.0-lib' from 'https://cache.nixos.org'...
copying path '/nix/store/ydblgk0c8vgsh6yx07wjn83ap1sgzhra-dosfstools-4.2' from 'https://cache.nixos.org'...
copying path '/nix/store/xy82mag0b0r7fxhb2j9k33igvam8vpln-bzip2-1.0.8' from 'https://cache.nixos.org'...
copying path '/nix/store/iaf3g2n1prbljg4b6ahf48vkm98d4a7h-expat-2.7.1' from 'https://cache.nixos.org'...
copying path '/nix/store/qi25cvn9j1xyvl9p7lp8nw9wqk5k648r-gawk-5.3.1' from 'https://cache.nixos.org'...
copying path '/nix/store/7n3q3rgy5382di7ccrh3r6gk2xp51dh7-gcc-14.2.1.20250322-lib' from 'https://cache.nixos.org'...
copying path '/nix/store/mmy6a0mgl1wmaa7ibrlp70z7q7bjnz85-gdbm-1.24-lib' from 'https://cache.nixos.org'...
copying path '/nix/store/lkgfphix3sgfsm38smsw38xk81h3f3ig-glibc-2.40-66-bin' from 'https://cache.nixos.org'...
copying path '/nix/store/3zr7pix2k72i1wpr34p26zwswjlh3mg8-glibc-2.40-66-getent' from 'https://cache.nixos.org'...
copying path '/nix/store/bz6z6c26ajk870qxipxkkp8a6cympj3l-gnused-4.9' from 'https://cache.nixos.org'...
copying path '/nix/store/zidvh13kzsvm81d4bjydgr2svgxdg4ci-json-c-0.18' from 'https://cache.nixos.org'...
copying path '/nix/store/1ld3kw0dnc06752c0bl5y051rvqd90ri-keyutils-1.6.3-lib' from 'https://cache.nixos.org'...
copying path '/nix/store/4zp1vkpkyxvdkyn0zb41l96zzx3p7lcj-libaio-0.3.113' from 'https://cache.nixos.org'...
copying path '/nix/store/982vwzgjy26d9cyrzgdbm565m455n5k6-libapparmor-4.0.3' from 'https://cache.nixos.org'...
copying path '/nix/store/h54753j6h6vkqf27hxbj16fal97fl7gm-libcap-2.75-lib' from 'https://cache.nixos.org'...
copying path '/nix/store/svz9z9xya9kz3msv6bsi5w4ilxw8spyd-getent-glibc-2.40-66' from 'https://cache.nixos.org'...
copying path '/nix/store/b018bavl8dmhvw67p7pzijn0rvhwady2-libcap-ng-0.8.5' from 'https://cache.nixos.org'...
copying path '/nix/store/ssy7nai103s1q459qir4nsb8xj7abppn-bzip2-1.0.8-bin' from 'https://cache.nixos.org'...
copying path '/nix/store/vmzm2cspsqjy7d8w1zi6h7hfrs5pr07h-libcbor-0.12.0' from 'https://cache.nixos.org'...
copying path '/nix/store/xjcdk7wmwmgnrc0zygh2vcv7ij6j6rhl-libevent-2.1.12' from 'https://cache.nixos.org'...
copying path '/nix/store/09b5m303v4d52wjry30xsabj65vnhkni-libffi-3.4.7' from 'https://cache.nixos.org'...
copying path '/nix/store/npwkwd43i56jpl8nl0cdnd4l4y15nlyz-libgpg-error-1.51' from 'https://cache.nixos.org'...
copying path '/nix/store/d44m5ikqx3nzqqw1f32mc0r7sm5xbbg4-libmd-1.1.0' from 'https://cache.nixos.org'...
copying path '/nix/store/aib863c4gsawfyqd4w343hl23rwyi2ai-libmnl-1.0.5' from 'https://cache.nixos.org'...
copying path '/nix/store/m7afx9qfwai96sxrpzvfbv4w5fx75dd4-libnfnetlink-1.0.2' from 'https://cache.nixos.org'...
copying path '/nix/store/wfdrh7k35asq2d71jadbq7bmq3bgf2vw-libnl-3.11.0' from 'https://cache.nixos.org'...
copying path '/nix/store/i426dwpfbiszg0nanln763f2qgcla4s3-libpsl-0.21.5' from 'https://cache.nixos.org'...
copying path '/nix/store/bqqvrvxf7vq9y3pmzldxzpaw6ixf8k65-libseccomp-2.6.0-lib' from 'https://cache.nixos.org'...
copying path '/nix/store/zlhxfnpm04w3gyv4v4dvd9x4aj4nghfw-acl-2.3.2' from 'https://cache.nixos.org'...
copying path '/nix/store/gs5m80cyrrmykxm73bbp6qhhgsbjhf8v-libsodium-1.0.20' from 'https://cache.nixos.org'...
copying path '/nix/store/0d3d2c8rk0qn1q9frxfsgzw6yp4cddph-gzip-1.13' from 'https://cache.nixos.org'...
copying path '/nix/store/xjslc6f7pziyxnf79qcnh6hhn4wcn5sf-libtasn1-4.20.0' from 'https://cache.nixos.org'...
copying path '/nix/store/ymwgw73kir5hn8ps96d3r08acylgxcjv-libtool-2.5.4-lib' from 'https://cache.nixos.org'...
copying path '/nix/store/asw9g5vng2q6hy0xrn5d683nbyq99fkx-libnftnl-1.2.8' from 'https://cache.nixos.org'...
copying path '/nix/store/vsfgc92pgxsb9mpgqlfycvf18ni87j7l-libnetfilter_conntrack-1.1.0' from 'https://cache.nixos.org'...
copying path '/nix/store/2lp9bfjs73idka3p2s6v0zdwmfasmm8m-libxcrypt-4.4.38' from 'https://cache.nixos.org'...
copying path '/nix/store/cyfnv9cf24p0zn3hasvjamf14f75inv4-libxml2-2.13.6' from 'https://cache.nixos.org'...
copying path '/nix/store/llbxcznfpdzx5gymb1kqjaxw8hksppvj-lz4-1.10.0-lib' from 'https://cache.nixos.org'...
copying path '/nix/store/pxm2cimk6n74qlhq7yld8xakdy9vdrc5-libbsd-0.12.2' from 'https://cache.nixos.org'...
copying path '/nix/store/0nlaszcdwww9q2dmb17440v2c9jvf994-mpdecimal-4.0.0' from 'https://cache.nixos.org'...
copying path '/nix/store/mpm9k64xr5vyc2kq3jyrinjwxsgq9g6z-ncurses-6.5' from 'https://cache.nixos.org'...
copying path '/nix/store/3jp5wym1vvahldj84zzzl7hb1g6795jj-net-tools-2.10' from 'https://cache.nixos.org'...
copying path '/nix/store/x0yrczlkrid080mrgw4xrcq5r903djnf-gnutar-1.35' from 'https://cache.nixos.org'...
copying path '/nix/store/nklqi1qdypdpwq6ami49f0mp23c1l27h-nghttp2-1.65.0-lib' from 'https://cache.nixos.org'...
copying path '/nix/store/fpjp0z5di6cmz1vn5lsva9cr3hmpisvh-npth-1.8' from 'https://cache.nixos.org'...
copying path '/nix/store/z9m5xmnak4z0i0a6yy0mzrmkgryq60v1-oniguruma-6.9.10-lib' from 'https://cache.nixos.org'...
copying path '/nix/store/yss7dszbr0pz3zqym0kf167rh71l870m-openssl-3.4.1' from 'https://cache.nixos.org'...
copying path '/nix/store/5rxwawd4f8wgbr07qykk8k2316r73drc-p11-kit-0.25.5' from 'https://cache.nixos.org'...
copying path '/nix/store/nalqwq0dpzqnp4nfv25370cb17q3wx4j-pcre2-10.44' from 'https://cache.nixos.org'...
copying path '/nix/store/6y7l9kwfycplp7c8rxsylfrfyy4y6fka-pcsclite-2.3.0-lib' from 'https://cache.nixos.org'...
copying path '/nix/store/b533x4ix9la9hh0fr6p0fcaqz458gv0l-popt-1.19' from 'https://cache.nixos.org'...
copying path '/nix/store/vmdv28syqv4akmbn04pg4490inmm9zkq-libpcap-1.10.5' from 'https://cache.nixos.org'...
copying path '/nix/store/ml6bmlqnm02rm7dzfam16nx7fw1bdapm-qrencode-4.1.1' from 'https://cache.nixos.org'...
copying path '/nix/store/sp9f3snz50z5p6vawklcn3cdscw90c0y-libassuan-3.0.2' from 'https://cache.nixos.org'...
copying path '/nix/store/3m732af9shqzjzxh1ams7clfcdkmwvbp-libgcrypt-1.10.3-lib' from 'https://cache.nixos.org'...
copying path '/nix/store/ykvv38lvjpmxx9iamqvnp2q321dy6f7l-sysstat-12.7.4' from 'https://cache.nixos.org'...
copying path '/nix/store/nhk9ssnx0fiphf4c91jrilsvgj2vzhlm-system-sendmail-1.0' from 'https://cache.nixos.org'...
copying path '/nix/store/935xlrdcgak12057vadla6bl4ani0ddz-systemd-minimal-libs-257.3' from 'https://cache.nixos.org'...
copying path '/nix/store/nwbhyf0ps9mb6dvbf82gf8l53qy9d8wm-util-linux-minimal-2.40.4-login' from 'https://cache.nixos.org'...
copying path '/nix/store/d2jzaxg7yj6va82hm2wsgqhi0qlms5jc-hostname-net-tools-2.10' from 'https://cache.nixos.org'...
copying path '/nix/store/2y5zfakdg53hqbac3rnvb72vmllpn9zf-jq-1.7.1' from 'https://cache.nixos.org'...
copying path '/nix/store/8vw77bf15h5d9x5nk07klkypkbdnjcg3-db-4.8.30' from 'https://cache.nixos.org'...
copying path '/nix/store/aqc5qpgbx8qvcmrm7r2kiwkzf0pzfmg0-db-5.3.28' from 'https://cache.nixos.org'...
copying path '/nix/store/aqyb52i14zfswbawqlr8212pmagsrnzs-gmp-with-cxx-6.3.0' from 'https://cache.nixos.org'...
copying path '/nix/store/c0q4z4lnfdb5adqcm7xdivsrbmvw065h-gmp-with-cxx-6.3.0' from 'https://cache.nixos.org'...
copying path '/nix/store/f1y260hq4xprz783bqwilirmnc8nlpvr-xz-5.8.1' from 'https://cache.nixos.org'...
copying path '/nix/store/jk27jlxfsljcmz4jgxkxkmrc1hjgmq1p-zlib-1.3.1' from 'https://cache.nixos.org'...
copying path '/nix/store/8i12gp78n1m9z794miwbsclgyyp5nm5s-gnugrep-3.11' from 'https://cache.nixos.org'...
copying path '/nix/store/4b6pj44w86dnzkpblsfxnyhj7k1y0sdh-gnupg-2.4.7' from 'https://cache.nixos.org'...
copying path '/nix/store/3nawavhk39z9p0l87vdpbiarvyirzv01-jq-1.7.1-bin' from 'https://cache.nixos.org'...
copying path '/nix/store/d8zj7xqf621sbbf669lpg1gl5n1nnxim-lvm2-2.03.31-lib' from 'https://cache.nixos.org'...
copying path '/nix/store/xhbsmfxnpc182gj8crklimha44c0yzy1-cracklib-2.10.0' from 'https://cache.nixos.org'...
copying path '/nix/store/cfnrj4s4qgj4bf8dh8d9jacl89mafvms-iptables-1.8.11' from 'https://cache.nixos.org'...
copying path '/nix/store/866w5x1nmg2467cp4s1nnr7d3kadsvkq-kexec-tools-2.0.29' from 'https://cache.nixos.org'...
copying path '/nix/store/8n5ic4lwmyivmjylzmmamih44baf356b-smartmontools-7.4' from 'https://cache.nixos.org'...
copying path '/nix/store/h5rn37dd6vfvr9xb0jq85sq8hf6xchry-coreutils-9.6' from 'https://cache.nixos.org'...
copying path '/nix/store/g0s2kna0bilvr391z2kbdzjbgigdcq40-sqlite-3.48.0' from 'https://cache.nixos.org'...
copying path '/nix/store/jhpnlsrqi0qvv0jjwk1pq8ddqmgz1gjl-zstd-1.5.7' from 'https://cache.nixos.org'...
copying path '/nix/store/b3359x49zjgam1r7d3hi29vg7ma92yr7-nettle-3.10.1' from 'https://cache.nixos.org'...
copying path '/nix/store/3j0ch7psalcxa87prpkv73mppk7mc7bm-coreutils-full-9.6' from 'https://cache.nixos.org'...
copying path '/nix/store/vdkk3hy54q6bj8j0cvjh5b8pbb7rfgm2-krb5-1.21.3-lib' from 'https://cache.nixos.org'...
copying path '/nix/store/jbyda1gc64mqhvsplvs3qkh6ik9p6m4i-libfido2-1.15.0' from 'https://cache.nixos.org'...
copying path '/nix/store/ya5q1l7bvn87b2dpsy9fp0s819b50y3l-libssh2-1.11.1' from 'https://cache.nixos.org'...
copying path '/nix/store/67azx35109apxy1sx1600b6wlyv8dpp5-libtpms-0.10.0' from 'https://cache.nixos.org'...
copying path '/nix/store/b3jrsidhy02p43aprq4393d8lm9vz1k6-xz-5.8.1-bin' from 'https://cache.nixos.org'...
copying path '/nix/store/4vfhg0rl5wi7z33na0siqy3m6sxscib8-unbound-1.22.0-lib' from 'https://cache.nixos.org'...
copying path '/nix/store/yw75accwvyr76npnzjsdjhpm5s3d3w2a-util-linux-2.40.4-lib' from 'https://cache.nixos.org'...
copying path '/nix/store/sdph6d44qv2gsw2305q4c2gd94h7l7m4-util-linux-minimal-2.40.4-lib' from 'https://cache.nixos.org'...
copying path '/nix/store/lsn8khmva61v81yf9hlhgzi6hs0s871p-kmod-31' from 'https://cache.nixos.org'...
copying path '/nix/store/lfm378v31ckgl84yw1mpzami56z5i9rr-kmod-31-lib' from 'https://cache.nixos.org'...
copying path '/nix/store/rv3dygmajbz5s46ra6rqqgyb7jgbj3fg-libarchive-3.7.8-lib' from 'https://cache.nixos.org'...
copying path '/nix/store/pxj1lzckc1sa5zmgckb6sm9b2v30qh57-zstd-1.5.7-bin' from 'https://cache.nixos.org'...
copying path '/nix/store/kmq714baxkd5yzpnbp09b7dhnks6m74q-curl-8.12.1' from 'https://cache.nixos.org'...
copying path '/nix/store/2lq98pfglf53y7x11jc6px0cf43y9rz9-cyrus-sasl-2.1.28' from 'https://cache.nixos.org'...
copying path '/nix/store/klbay088ykgzk85avka2yrfnqwihm9y5-libtirpc-1.3.6' from 'https://cache.nixos.org'...
copying path '/nix/store/35s5s2g8hm2zyqccy3nfbb0ccn798j5y-gnutls-3.8.9' from 'https://cache.nixos.org'...
copying path '/nix/store/spq6qz9z236fmp889indhgp611yinm4j-e2fsprogs-1.47.2' from 'https://cache.nixos.org'...
copying path '/nix/store/r3lh19q0dw0bhzam6hgdp9jgvwy643wi-cryptsetup-2.7.5' from 'https://cache.nixos.org'...
copying path '/nix/store/8161jxy42ffjbb2yb5z9jw3g6nsm6qyb-util-linux-minimal-2.40.4-mount' from 'https://cache.nixos.org'...
copying path '/nix/store/8qx8w49c11cc2sgjk872x7q492inisf9-util-linux-minimal-2.40.4-swap' from 'https://cache.nixos.org'...
copying path '/nix/store/7avw93qhswcj1zdqgks9qp1m50fhydf9-kbd-2.7.1' from 'https://cache.nixos.org'...
copying path '/nix/store/2l9nghmsp3g96il7042d57wiinv0wyp4-elfutils-0.192' from 'https://cache.nixos.org'...
copying path '/nix/store/5x4yxvj44bypi1y9axs1zbings0mm2vr-tpm2-tss-4.1.3' from 'https://cache.nixos.org'...
copying path '/nix/store/wcm0kqq2ws5l2dbc0413mvrz3yh919sq-util-linux-minimal-2.40.4-bin' from 'https://cache.nixos.org'...
copying path '/nix/store/5g0mxkx7ym41klwmfvbyj3k9mq6lxj3s-openldap-2.6.9' from 'https://cache.nixos.org'...
copying path '/nix/store/vinjfz5l2m1hpk3g87d6gcql5a0bnd02-libmicrohttpd-1.0.1' from 'https://cache.nixos.org'...
copying path '/nix/store/fy4qcrdpjj54zsjjhvqsax38apzpd4kv-libbpf-1.5.0' from 'https://cache.nixos.org'...
copying path '/nix/store/szlvk4bv1csjnpm96m49ah0nmngi0dwf-e2fsprogs-1.47.2-bin' from 'https://cache.nixos.org'...
copying path '/nix/store/vsrm073m1ydp3bmd7xkfnlqj13cjz31x-util-linux-2.40.4-login' from 'https://cache.nixos.org'...
copying path '/nix/store/2j1a0y29bmsmkfkmkk8pvscyfg3imjn4-util-linux-2.40.4-mount' from 'https://cache.nixos.org'...
copying path '/nix/store/mrn48pfixzil44za27ii51pkr47aqv64-util-linux-2.40.4-swap' from 'https://cache.nixos.org'...
copying path '/nix/store/zaawjaxmcxi3xq4q2i6ivy3r73b4i9fb-nfs-utils-2.7.1-lib' from 'https://cache.nixos.org'...
copying path '/nix/store/2r8iabzx9zxxvp62dxy6sqlfnm0b053p-lvm2-2.03.31-bin' from 'https://cache.nixos.org'...
copying path '/nix/store/blgvmqw3gmp4k666c4vallmmd5m9j8m3-gptfdisk-1.0.10' from 'https://cache.nixos.org'...
copying path '/nix/store/wbrp2s6xyxijlm281959l2n43mskd8sn-readline-8.2p13' from 'https://cache.nixos.org'...
copying path '/nix/store/m3hnxdlz6v6650ggqz29nsqbvzvdvnsy-bash-interactive-5.2p37' from 'https://cache.nixos.org'...
copying path '/nix/store/4irv1cq0l3rz8ckzga0f94v349ma7shb-parted-3.6' from 'https://cache.nixos.org'...
copying path '/nix/store/fqm9bqqlmaqqr02qbalm1bazp810qfiw-python3-3.12.9' from 'https://cache.nixos.org'...
copying path '/nix/store/cwbwsvdvsl91v4lbn62s8br1svk350ax-audit-4.0.3-lib' from 'https://cache.nixos.org'...
copying path '/nix/store/sbymwq1pkg30jy5zgcsyq092xazf5zgl-systemd-minimal-257.3' from 'https://cache.nixos.org'...
copying path '/nix/store/fcy06jrlqxqpg5003jx8wbbwb5mwgd75-linux-pam-1.6.1' from 'https://cache.nixos.org'...
copying path '/nix/store/kbrvg4cv5vljd8yazqciisr49dd4v30v-libpwquality-1.4.5-lib' from 'https://cache.nixos.org'...
copying path '/nix/store/amc4yh7m8n6gsq5gjd3qf16wmmwpv9qm-tcb-1.2' from 'https://cache.nixos.org'...
copying path '/nix/store/wxx5ggdn0frqvii4j0j9blrd62l8k0qq-shadow-4.17.4' from 'https://cache.nixos.org'...
copying path '/nix/store/dzh1b0f5x3jypzn78hmhl0p4q296z6z8-systemd-257.3' from 'https://cache.nixos.org'...
copying path '/nix/store/8d3yc3igs2plw2zijs5bh905y79qzssf-util-linux-2.40.4-bin' from 'https://cache.nixos.org'...
copying path '/nix/store/dcmhxbq5882dqz01b2xvdirrakq0gi97-mdadm-4.3' from 'https://cache.nixos.org'...
copying path '/nix/store/fsgdcwanbpd8s9j3x460g2j50jsz7p4a-nfs-utils-2.7.1' from 'https://cache.nixos.org'...
copying path '/nix/store/i70v6xccvv9wy4hcc86ihfcm2i9wwcaz-zfs-user-2.3.1' from 'https://cache.nixos.org'...
copying 3 paths...
copying path '/nix/store/68d4c4j3fv7mhqgmdkfvpbgfs34nr00f-disk-deactivate' to 'ssh://root@127.0.0.1'...
copying path '/nix/store/r2bqyynmhlzxivb19fd8kcjn4xnkcjlg-disko' to 'ssh://root@127.0.0.1'...
copying path '/nix/store/62q589qzqkzqn2cabnkrljx3l87cwvs1-disko' to 'ssh://root@127.0.0.1'...
### Formatting hard drive with disko ###
Warning: Permanently added '[127.0.0.1]:2222' (ED25519) to the list of known hosts.
umount: /mnt: not mounted
++ realpath /dev/sda
+ disk=/dev/sda
+ lsblk -a -f
NAME    FSTYPE  FSVER            LABEL              UUID                                 FSAVAIL FSUSE% MOUNTPOINTS
fd0                                                                                                     
loop0                                                                                                   
loop1                                                                                                   
loop2                                                                                                   
loop3                                                                                                   
loop4                                                                                                   
loop5                                                                                                   
loop6                                                                                                   
loop7                                                                                                   
sda                                                                                                     
sdb                                                                                                     
sr0     iso9660 Joliet Extension nixos-25.05-x86_64 1980-01-01-00-00-00-00                     0   100% /iso
nvme0n1                                                                                                 
+ lsblk --output-all --json
+ bash -x
++ dirname /nix/store/68d4c4j3fv7mhqgmdkfvpbgfs34nr00f-disk-deactivate/disk-deactivate
+ jq -r --arg disk_to_clear /dev/sda -f /nix/store/68d4c4j3fv7mhqgmdkfvpbgfs34nr00f-disk-deactivate/disk-deactivate.jq
+ set -fu
++ type zdb
++ zdb -l /dev/sda
++ sed -nr 's/ +name: '\''(.*)'\''/\1/p'
+ zpool=
+ [[ -n '' ]]
+ unset zpool
++ lsblk /dev/sda -l -p -o type,name
++ awk 'match($1,"raid.*") {print $2}'
+ md_dev=
+ [[ -n '' ]]
+ wipefs --all -f /dev/sda
+ dd if=/dev/zero of=/dev/sda bs=440 count=1
1+0 records in
1+0 records out
440 bytes copied, 0.0198059 s, 22.2 kB/s
+ lsblk -a -f
NAME    FSTYPE  FSVER            LABEL              UUID                                 FSAVAIL FSUSE% MOUNTPOINTS
fd0                                                                                                     
loop0                                                                                                   
loop1                                                                                                   
loop2                                                                                                   
loop3                                                                                                   
loop4                                                                                                   
loop5                                                                                                   
loop6                                                                                                   
loop7                                                                                                   
sda                                                                                                     
sdb                                                                                                     
sr0     iso9660 Joliet Extension nixos-25.05-x86_64 1980-01-01-00-00-00-00                     0   100% /iso
nvme0n1                                                                                                 
++ realpath /dev/sdb
+ disk=/dev/sdb
+ lsblk -a -f
NAME    FSTYPE  FSVER            LABEL              UUID                                 FSAVAIL FSUSE% MOUNTPOINTS
fd0                                                                                                     
loop0                                                                                                   
loop1                                                                                                   
loop2                                                                                                   
loop3                                                                                                   
loop4                                                                                                   
loop5                                                                                                   
loop6                                                                                                   
loop7                                                                                                   
sda                                                                                                     
sdb                                                                                                     
sr0     iso9660 Joliet Extension nixos-25.05-x86_64 1980-01-01-00-00-00-00                     0   100% /iso
nvme0n1                                                                                                 
+ lsblk --output-all --json
+ bash -x
++ dirname /nix/store/68d4c4j3fv7mhqgmdkfvpbgfs34nr00f-disk-deactivate/disk-deactivate
+ jq -r --arg disk_to_clear /dev/sdb -f /nix/store/68d4c4j3fv7mhqgmdkfvpbgfs34nr00f-disk-deactivate/disk-deactivate.jq
+ set -fu
++ type zdb
++ zdb -l /dev/sdb
++ sed -nr 's/ +name: '\''(.*)'\''/\1/p'
+ zpool=
+ [[ -n '' ]]
+ unset zpool
++ lsblk /dev/sdb -l -p -o type,name
++ awk 'match($1,"raid.*") {print $2}'
+ md_dev=
+ [[ -n '' ]]
+ wipefs --all -f /dev/sdb
+ dd if=/dev/zero of=/dev/sdb bs=440 count=1
1+0 records in
1+0 records out
440 bytes copied, 0.00214133 s, 205 kB/s
+ lsblk -a -f
NAME    FSTYPE  FSVER            LABEL              UUID                                 FSAVAIL FSUSE% MOUNTPOINTS
fd0                                                                                                     
loop0                                                                                                   
loop1                                                                                                   
loop2                                                                                                   
loop3                                                                                                   
loop4                                                                                                   
loop5                                                                                                   
loop6                                                                                                   
loop7                                                                                                   
sda                                                                                                     
sdb                                                                                                     
sr0     iso9660 Joliet Extension nixos-25.05-x86_64 1980-01-01-00-00-00-00                     0   100% /iso
nvme0n1                                                                                                 
++ realpath /dev/nvme0n1
+ disk=/dev/nvme0n1
+ lsblk -a -f
NAME    FSTYPE  FSVER            LABEL              UUID                                 FSAVAIL FSUSE% MOUNTPOINTS
fd0                                                                                                     
loop0                                                                                                   
loop1                                                                                                   
loop2                                                                                                   
loop3                                                                                                   
loop4                                                                                                   
loop5                                                                                                   
loop6                                                                                                   
loop7                                                                                                   
sda                                                                                                     
sdb                                                                                                     
sr0     iso9660 Joliet Extension nixos-25.05-x86_64 1980-01-01-00-00-00-00                     0   100% /iso
nvme0n1                                                                                                 
+ lsblk --output-all --json
+ bash -x
++ dirname /nix/store/68d4c4j3fv7mhqgmdkfvpbgfs34nr00f-disk-deactivate/disk-deactivate
+ jq -r --arg disk_to_clear /dev/nvme0n1 -f /nix/store/68d4c4j3fv7mhqgmdkfvpbgfs34nr00f-disk-deactivate/disk-deactivate.jq
+ set -fu
++ type zdb
++ zdb -l /dev/nvme0n1
++ sed -nr 's/ +name: '\''(.*)'\''/\1/p'
+ zpool=
+ [[ -n '' ]]
+ unset zpool
++ lsblk /dev/nvme0n1 -l -p -o type,name
++ awk 'match($1,"raid.*") {print $2}'
+ md_dev=
+ [[ -n '' ]]
+ wipefs --all -f /dev/nvme0n1
+ dd if=/dev/zero of=/dev/nvme0n1 bs=440 count=1
1+0 records in
1+0 records out
440 bytes copied, 0.00571158 s, 77.0 kB/s
+ lsblk -a -f
NAME    FSTYPE  FSVER            LABEL              UUID                                 FSAVAIL FSUSE% MOUNTPOINTS
fd0                                                                                                     
loop0                                                                                                   
loop1                                                                                                   
loop2                                                                                                   
loop3                                                                                                   
loop4                                                                                                   
loop5                                                                                                   
loop6                                                                                                   
loop7                                                                                                   
sda                                                                                                     
sdb                                                                                                     
sr0     iso9660 Joliet Extension nixos-25.05-x86_64 1980-01-01-00-00-00-00                     0   100% /iso
nvme0n1                                                                                                 
++ mktemp -d
+ disko_devices_dir=/tmp/tmp.8r6ja6CfVy
+ trap 'rm -rf "$disko_devices_dir"' EXIT
+ mkdir -p /tmp/tmp.8r6ja6CfVy
+ device=/dev/sda
+ imageName=data1
+ imageSize=2G
+ name=data1
+ type=disk
+ device=/dev/sda
+ efiGptPartitionFirst=1
+ type=gpt
+ blkid /dev/sda
+ sgdisk --clear /dev/sda
Creating new GPT entries in memory.
The operation has completed successfully.
+ sgdisk --align-end --new=1:0:-0 --partition-guid=1:R --change-name=1:disk-data1-zfs --typecode=1:8300 /dev/sda
The operation has completed successfully.
+ partprobe /dev/sda
+ udevadm trigger --subsystem-match=block
+ udevadm settle
+ device=/dev/disk/by-partlabel/disk-data1-zfs
+ pool=zdata
+ type=zfs
+ echo /dev/disk/by-partlabel/disk-data1-zfs
+ device=/dev/sdb
+ imageName=data2
+ imageSize=2G
+ name=data2
+ type=disk
+ device=/dev/sdb
+ efiGptPartitionFirst=1
+ type=gpt
+ blkid /dev/sdb
+ sgdisk --clear /dev/sdb
Creating new GPT entries in memory.
The operation has completed successfully.
+ sgdisk --align-end --new=1:0:-0 --partition-guid=1:R --change-name=1:disk-data2-zfs --typecode=1:8300 /dev/sdb
The operation has completed successfully.
+ partprobe /dev/sdb
+ udevadm trigger --subsystem-match=block
+ udevadm settle
+ device=/dev/disk/by-partlabel/disk-data2-zfs
+ pool=zdata
+ type=zfs
+ echo /dev/disk/by-partlabel/disk-data2-zfs
^[[1;5A+ device=/dev/nvme0n1
+ imageName=root
+ imageSize=2G
+ name=root
+ type=disk
+ device=/dev/nvme0n1
+ efiGptPartitionFirst=1
+ type=gpt
+ blkid /dev/nvme0n1
+ sgdisk --clear /dev/nvme0n1
Creating new GPT entries in memory.
The operation has completed successfully.
+ sgdisk --align-end --new=1:0:+500M --partition-guid=1:R --change-name=1:disk-root-ESP --typecode=1:EF00 /dev/nvme0n1
The operation has completed successfully.
+ partprobe /dev/nvme0n1
+ udevadm trigger --subsystem-match=block
+ udevadm settle
+ sgdisk --align-end --new=2:0:-0 --partition-guid=2:R --change-name=2:disk-root-zfs --typecode=2:8300 /dev/nvme0n1
The operation has completed successfully.
+ partprobe /dev/nvme0n1
+ udevadm trigger --subsystem-match=block
+ udevadm settle
+ device=/dev/disk/by-partlabel/disk-root-ESP
+ extraArgs=()
+ declare -a extraArgs
+ format=vfat
+ mountOptions=('umask=0077')
+ declare -a mountOptions
+ mountpoint=/boot
+ type=filesystem
+ blkid /dev/disk/by-partlabel/disk-root-ESP
+ grep -q TYPE=
+ mkfs.vfat /dev/disk/by-partlabel/disk-root-ESP
mkfs.fat 4.2 (2021-01-31)
+ device=/dev/disk/by-partlabel/disk-root-zfs
+ pool=root
+ type=zfs
+ echo /dev/disk/by-partlabel/disk-root-zfs
+ mountOptions=('defaults')
+ declare -a mountOptions
+ mountpoint=
+ name=root
+ options=(['ashift']='12' ['autotrim']='on')
+ declare -A options
+ rootFsOptions=(['acltype']='posixacl' ['atime']='off' ['canmount']='off' ['com.sun:auto-snapshot']='false' ['compression']='lz4' ['encryption']='on' ['keyformat']='passphrase' ['keylocation']='file:///tmp/root_passphrase' ['recordsize']='1M' ['xattr']='sa')
+ declare -A rootFsOptions
+ type=zpool
+ pname=root
+ readarray -t zfs_devices
++ cat /tmp/tmp.8r6ja6CfVy/zfs_root
+ '[' 1 -eq 0 ']'
+ zpool import -N -f root
cannot import 'root': no such pool available
+ zpool list root
cannot open 'root': no such pool
+ continue=1
+ for dev in "${zfs_devices[@]}"
+ blkid /dev/disk/by-partlabel/disk-root-zfs
+ blkid /dev/disk/by-partlabel/disk-root-zfs -o export
+ grep '^PTUUID='
+ blkid /dev/disk/by-partlabel/disk-root-zfs -o export
+ grep '^TYPE=zfs_member'
+ blkid /dev/disk/by-partlabel/disk-root-zfs -o export
+ grep '^TYPE='
+ '[' 1 -eq 1 ']'
+ topology=
+ mode=
+ '[' '' '!=' prescribed ']'
+ topology=' /dev/disk/by-partlabel/disk-root-zfs'
+ '[' 1 -eq 1 ']'
+ zpool create -f root -R /mnt -o ashift=12 -o autotrim=on -O acltype=posixacl -O atime=off -O canmount=off -O com.sun:auto-snapshot=false -O compression=lz4 -O encryption=on -O keyformat=passphrase -O keylocation=file:///tmp/root_passphrase -O recordsize=1M -O xattr=sa /dev/disk/by-partlabel/disk-root-zfs
++ zfs get -H mounted root
++ cut -f3
+ [[ no == \y\e\s ]]
+ mountOptions=('defaults')
+ declare -a mountOptions
+ mountpoint=
+ name=__root
+ options=(['acltype']='posixacl' ['atime']='off' ['canmount']='off' ['com.sun:auto-snapshot']='false' ['compression']='lz4' ['encryption']='on' ['keyformat']='passphrase' ['keylocation']='file:///tmp/root_passphrase' ['recordsize']='1M' ['xattr']='sa')
+ declare -A options
+ type=zfs_fs
+ zfs get type root
+ zfs set -u acltype=posixacl atime=off canmount=off com.sun:auto-snapshot=false compression=lz4 keylocation=file:///tmp/root_passphrase recordsize=1M xattr=sa root
+ mountOptions=('defaults')
+ declare -a mountOptions
+ mountpoint=/nix
+ name=local/nix
+ options=(['mountpoint']='legacy')
+ declare -A options
+ type=zfs_fs
+ zfs get type root/local/nix
+ zfs create -up root/local/nix -o mountpoint=legacy
+ mountOptions=('defaults')
+ declare -a mountOptions
+ mountpoint=/
+ name=local/root
+ options=(['mountpoint']='legacy')
+ declare -A options
+ type=zfs_fs
+ zfs get type root/local/root
+ zfs create -up root/local/root -o mountpoint=legacy
+ zfs list -t snapshot -H -o name
+ grep -E '^root/local/root@blank$'
+ zfs snapshot root/local/root@blank
+ mountOptions=('defaults')
+ declare -a mountOptions
+ mountpoint=
+ name=reserved
+ options=(['canmount']='off' ['mountpoint']='none' ['reservation']='500M')
+ declare -A options
+ type=zfs_fs
+ zfs get type root/reserved
+ zfs create -up root/reserved -o canmount=off -o mountpoint=none -o reservation=500M
+ mountOptions=('defaults')
+ declare -a mountOptions
+ mountpoint=/home
+ name=safe/home
+ options=(['mountpoint']='legacy')
+ declare -A options
+ type=zfs_fs
+ zfs get type root/safe/home
+ zfs create -up root/safe/home -o mountpoint=legacy
+ mountOptions=('defaults')
+ declare -a mountOptions
+ mountpoint=/persist
+ name=safe/persist
+ options=(['mountpoint']='legacy')
+ declare -A options
+ type=zfs_fs
+ zfs get type root/safe/persist
+ zfs create -up root/safe/persist -o mountpoint=legacy
+ zfs set keylocation=prompt root
+ mountOptions=('defaults')
+ declare -a mountOptions
+ mountpoint=
+ name=zdata
+ options=(['ashift']='12' ['autotrim']='on')
+ declare -A options
+ rootFsOptions=(['acltype']='posixacl' ['atime']='off' ['canmount']='off' ['com.sun:auto-snapshot']='false' ['compression']='lz4' ['encryption']='on' ['keyformat']='passphrase' ['keylocation']='file:///tmp/data_passphrase' ['mountpoint']='none' ['recordsize']='1M' ['xattr']='sa')
+ declare -A rootFsOptions
+ type=zpool
+ pname=zdata
+ readarray -t zfs_devices
++ cat /tmp/tmp.8r6ja6CfVy/zfs_zdata
+ '[' 2 -eq 0 ']'
+ zpool import -N -f zdata
cannot import 'zdata': no such pool available
+ zpool list zdata
cannot open 'zdata': no such pool
+ continue=1
+ for dev in "${zfs_devices[@]}"
+ blkid /dev/disk/by-partlabel/disk-data1-zfs
+ blkid /dev/disk/by-partlabel/disk-data1-zfs -o export
+ grep '^PTUUID='
+ blkid /dev/disk/by-partlabel/disk-data1-zfs -o export
+ grep '^TYPE=zfs_member'
+ blkid /dev/disk/by-partlabel/disk-data1-zfs -o export
+ grep '^TYPE='
+ for dev in "${zfs_devices[@]}"
+ blkid /dev/disk/by-partlabel/disk-data2-zfs
+ blkid /dev/disk/by-partlabel/disk-data2-zfs -o export
+ grep '^PTUUID='
+ blkid /dev/disk/by-partlabel/disk-data2-zfs -o export
+ grep '^TYPE=zfs_member'
+ blkid /dev/disk/by-partlabel/disk-data2-zfs -o export
+ grep '^TYPE='
+ '[' 1 -eq 1 ']'
+ topology=
+ mode=mirror
+ '[' mirror '!=' prescribed ']'
+ topology='mirror /dev/disk/by-partlabel/disk-data1-zfs /dev/disk/by-partlabel/disk-data2-zfs'
+ '[' 1 -eq 1 ']'
+ zpool create -f zdata -R /mnt -o ashift=12 -o autotrim=on -O acltype=posixacl -O atime=off -O canmount=off -O com.sun:auto-snapshot=false -O compression=lz4 -O encryption=on -O keyformat=passphrase -O keylocation=file:///tmp/data_passphrase -O mountpoint=none -O recordsize=1M -O xattr=sa mirror /dev/disk/by-partlabel/disk-data1-zfs /dev/disk/by-partlabel/disk-data2-zfs
++ zfs get -H mounted zdata
++ cut -f3
+ [[ no == \y\e\s ]]
+ mountOptions=('defaults')
+ declare -a mountOptions
+ mountpoint=
+ name=__root
+ options=(['acltype']='posixacl' ['atime']='off' ['canmount']='off' ['com.sun:auto-snapshot']='false' ['compression']='lz4' ['encryption']='on' ['keyformat']='passphrase' ['keylocation']='file:///tmp/data_passphrase' ['mountpoint']='none' ['recordsize']='1M' ['xattr']='sa')
+ declare -A options
+ type=zfs_fs
+ zfs get type zdata
+ zfs set -u acltype=posixacl atime=off canmount=off com.sun:auto-snapshot=false compression=lz4 keylocation=file:///tmp/data_passphrase mountpoint=none recordsize=1M xattr=sa zdata
+ mountOptions=('defaults')
+ declare -a mountOptions
+ mountpoint=/srv/backup
+ name=backup
+ options=(['mountpoint']='legacy')
+ declare -A options
+ type=zfs_fs
+ zfs get type zdata/backup
+ zfs create -up zdata/backup -o mountpoint=legacy
+ mountOptions=('defaults')
+ declare -a mountOptions
+ mountpoint=
+ name=reserved
+ options=(['canmount']='off' ['mountpoint']='none' ['reservation']='10G')
+ declare -A options
+ type=zfs_fs
+ zfs get type zdata/reserved
+ zfs create -up zdata/reserved -o canmount=off -o mountpoint=none -o reservation=10G
+ zfs set keylocation=file:///persist/data_passphrase zdata
+ set -efux
+ device=/dev/sda
+ imageName=data1
+ imageSize=2G
+ name=data1
+ type=disk
+ device=/dev/sda
+ efiGptPartitionFirst=1
+ type=gpt
+ device=/dev/sdb
+ imageName=data2
+ imageSize=2G
+ name=data2
+ type=disk
+ device=/dev/sdb
+ efiGptPartitionFirst=1
+ type=gpt
+ device=/dev/nvme0n1
+ imageName=root
+ imageSize=2G
+ name=root
+ type=disk
+ device=/dev/nvme0n1
+ efiGptPartitionFirst=1
+ type=gpt
+ mountOptions=('defaults')
+ declare -a mountOptions
+ mountpoint=
+ name=root
+ options=(['ashift']='12' ['autotrim']='on')
+ declare -A options
+ rootFsOptions=(['acltype']='posixacl' ['atime']='off' ['canmount']='off' ['com.sun:auto-snapshot']='false' ['compression']='lz4' ['encryption']='on' ['keyformat']='passphrase' ['keylocation']='file:///tmp/root_passphrase' ['recordsize']='1M' ['xattr']='sa')
+ declare -A rootFsOptions
+ type=zpool
+ zpool list root
+ mountOptions=('defaults')
+ declare -a mountOptions
+ mountpoint=
+ name=__root
+ options=(['acltype']='posixacl' ['atime']='off' ['canmount']='off' ['com.sun:auto-snapshot']='false' ['compression']='lz4' ['encryption']='on' ['keyformat']='passphrase' ['keylocation']='file:///tmp/root_passphrase' ['recordsize']='1M' ['xattr']='sa')
+ declare -A options
+ type=zfs_fs
++ zfs get keystatus root -H -o value
+ '[' available == unavailable ']'
+ mountOptions=('defaults')
+ declare -a mountOptions
+ mountpoint=
+ name=zdata
+ options=(['ashift']='12' ['autotrim']='on')
+ declare -A options
+ rootFsOptions=(['acltype']='posixacl' ['atime']='off' ['canmount']='off' ['com.sun:auto-snapshot']='false' ['compression']='lz4' ['encryption']='on' ['keyformat']='passphrase' ['keylocation']='file:///tmp/data_passphrase' ['mountpoint']='none' ['recordsize']='1M' ['xattr']='sa')
+ declare -A rootFsOptions
+ type=zpool
+ zpool list zdata
+ mountOptions=('defaults')
+ declare -a mountOptions
+ mountpoint=
+ name=__root
+ options=(['acltype']='posixacl' ['atime']='off' ['canmount']='off' ['com.sun:auto-snapshot']='false' ['compression']='lz4' ['encryption']='on' ['keyformat']='passphrase' ['keylocation']='file:///tmp/data_passphrase' ['mountpoint']='none' ['recordsize']='1M' ['xattr']='sa')
+ declare -A options
+ type=zfs_fs
++ zfs get keystatus zdata -H -o value
+ '[' available == unavailable ']'
+ mountOptions=('defaults')
+ declare -a mountOptions
+ mountpoint=
+ name=root
+ options=(['ashift']='12' ['autotrim']='on')
+ declare -A options
+ rootFsOptions=(['acltype']='posixacl' ['atime']='off' ['canmount']='off' ['com.sun:auto-snapshot']='false' ['compression']='lz4' ['encryption']='on' ['keyformat']='passphrase' ['keylocation']='file:///tmp/root_passphrase' ['recordsize']='1M' ['xattr']='sa')
+ declare -A rootFsOptions
+ type=zpool
+ mountOptions=('defaults')
+ declare -a mountOptions
+ mountpoint=/
+ name=local/root
+ options=(['mountpoint']='legacy')
+ declare -A options
+ type=zfs_fs
+ findmnt root/local/root /mnt/
+ mount root/local/root /mnt/ -o X-mount.mkdir -o defaults -t zfs
+ device=/dev/nvme0n1
+ imageName=root
+ imageSize=2G
+ name=root
+ type=disk
+ device=/dev/nvme0n1
+ efiGptPartitionFirst=1
+ type=gpt
+ device=/dev/disk/by-partlabel/disk-root-ESP
+ extraArgs=()
+ declare -a extraArgs
+ format=vfat
+ mountOptions=('umask=0077')
+ declare -a mountOptions
+ mountpoint=/boot
+ type=filesystem
+ findmnt /dev/disk/by-partlabel/disk-root-ESP /mnt/boot
+ mount /dev/disk/by-partlabel/disk-root-ESP /mnt/boot -t vfat -o umask=0077 -o X-mount.mkdir
+ cp /etc/ssh/ssh_host_ed25519_key /mnt/boot/host_key
+ mountOptions=('defaults')
+ declare -a mountOptions
+ mountpoint=
+ name=root
+ options=(['ashift']='12' ['autotrim']='on')
+ declare -A options
+ rootFsOptions=(['acltype']='posixacl' ['atime']='off' ['canmount']='off' ['com.sun:auto-snapshot']='false' ['compression']='lz4' ['encryption']='on' ['keyformat']='passphrase' ['keylocation']='file:///tmp/root_passphrase' ['recordsize']='1M' ['xattr']='sa')
+ declare -A rootFsOptions
+ type=zpool
+ mountOptions=('defaults')
+ declare -a mountOptions
+ mountpoint=/home
+ name=safe/home
+ options=(['mountpoint']='legacy')
+ declare -A options
+ type=zfs_fs
+ findmnt root/safe/home /mnt/home
+ mount root/safe/home /mnt/home -o X-mount.mkdir -o defaults -t zfs
+ mountOptions=('defaults')
+ declare -a mountOptions
+ mountpoint=
+ name=root
+ options=(['ashift']='12' ['autotrim']='on')
+ declare -A options
+ rootFsOptions=(['acltype']='posixacl' ['atime']='off' ['canmount']='off' ['com.sun:auto-snapshot']='false' ['compression']='lz4' ['encryption']='on' ['keyformat']='passphrase' ['keylocation']='file:///tmp/root_passphrase' ['recordsize']='1M' ['xattr']='sa')
+ declare -A rootFsOptions
+ type=zpool
+ mountOptions=('defaults')
+ declare -a mountOptions
+ mountpoint=/nix
+ name=local/nix
+ options=(['mountpoint']='legacy')
+ declare -A options
+ type=zfs_fs
+ findmnt root/local/nix /mnt/nix
+ mount root/local/nix /mnt/nix -o X-mount.mkdir -o defaults -t zfs
+ mountOptions=('defaults')
+ declare -a mountOptions
+ mountpoint=
+ name=root
+ options=(['ashift']='12' ['autotrim']='on')
+ declare -A options
+ rootFsOptions=(['acltype']='posixacl' ['atime']='off' ['canmount']='off' ['com.sun:auto-snapshot']='false' ['compression']='lz4' ['encryption']='on' ['keyformat']='passphrase' ['keylocation']='file:///tmp/root_passphrase' ['recordsize']='1M' ['xattr']='sa')
+ declare -A rootFsOptions
+ type=zpool
+ mountOptions=('defaults')
+ declare -a mountOptions
+ mountpoint=/persist
+ name=safe/persist
+ options=(['mountpoint']='legacy')
+ declare -A options
+ type=zfs_fs
+ findmnt root/safe/persist /mnt/persist
+ mount root/safe/persist /mnt/persist -o X-mount.mkdir -o defaults -t zfs
+ cp /tmp/data_passphrase /mnt/persist/data_passphrase
+ mountOptions=('defaults')
+ declare -a mountOptions
+ mountpoint=
+ name=zdata
+ options=(['ashift']='12' ['autotrim']='on')
+ declare -A options
+ rootFsOptions=(['acltype']='posixacl' ['atime']='off' ['canmount']='off' ['com.sun:auto-snapshot']='false' ['compression']='lz4' ['encryption']='on' ['keyformat']='passphrase' ['keylocation']='file:///tmp/data_passphrase' ['mountpoint']='none' ['recordsize']='1M' ['xattr']='sa')
+ declare -A rootFsOptions
+ type=zpool
+ mountOptions=('defaults')
+ declare -a mountOptions
+ mountpoint=/srv/backup
+ name=backup
+ options=(['mountpoint']='legacy')
+ declare -A options
+ type=zfs_fs
+ findmnt zdata/backup /mnt/srv/backup
+ mount zdata/backup /mnt/srv/backup -o X-mount.mkdir -o defaults -t zfs
+ rm -rf /tmp/tmp.8r6ja6CfVy
Connection to 127.0.0.1 closed.
### Uploading the system closure ###
Warning: Permanently added '[127.0.0.1]:2222' (ED25519) to the list of known hosts.
copying path '/nix/store/yvzdk06mx3vmh5bqsmy70yw5m41qiwg7-X-Restart-Triggers-dhcpcd' from 'https://cache.nixos.org'...
copying path '/nix/store/246d9p4pyxrg599a3xjqandvqj7wl8sj-acl-2.3.2-doc' from 'https://cache.nixos.org'...
copying path '/nix/store/kgrcc7qsr9srcm8g0mrjh9ii8rjxnqql-acl-2.3.2-man' from 'https://cache.nixos.org'...
copying path '/nix/store/3rsmcpr4bjix1fdh89996ng9xk55hzf4-attr-2.5.2-man' from 'https://cache.nixos.org'...
copying path '/nix/store/j7s4zf1ddyq6xy2irj39nldqds6whq0y-bash-completion-2.16.0' from 'https://cache.nixos.org'...
copying path '/nix/store/j6p0218kwax0aq23lshvw9p34m6h8b0i-alsa-firmware-1.2.4-zstd' from 'https://cache.nixos.org'...
copying path '/nix/store/1qbrlv6ll2sdrac04zpvb6hjvg30307y-bash-interactive-5.2p37-doc' from 'https://cache.nixos.org'...
copying path '/nix/store/1z2p0d1sjd9gnfl049l61sy2qdd61dvb-bash-interactive-5.2p37-man' from 'https://cache.nixos.org'...
copying path '/nix/store/kcjk4412l4gxw9lqrhksr7gg7lfzc0lf-attr-2.5.2-doc' from 'https://cache.nixos.org'...
copying path '/nix/store/nq0hq4vg8j46cp9nibpqfwvmssm3dh2f-bind-9.20.7-man' from 'https://cache.nixos.org'...
copying path '/nix/store/g28l15mbdbig59n102zd0ardsfisiw32-binfmt_nixos.conf' from 'https://cache.nixos.org'...
copying path '/nix/store/4rw0flfjd0xlis2yik8hz8izilsnxf1h-bash-interactive-5.2p37-info' from 'https://cache.nixos.org'...
copying path '/nix/store/k5r6p8gvf18l9dd9kq1r22ddf7ykfim2-build-vms.nix' from 'https://cache.nixos.org'...
copying path '/nix/store/b0y590vzx60i2sp2h1xm6rbbl0xawjl0-bzip2-1.0.8-man' from 'https://cache.nixos.org'...
copying path '/nix/store/v21mdfbxkxwrnhf6q32s6c753gd7nzrk-busybox-1.36.1' from 'https://cache.nixos.org'...
copying path '/nix/store/mq2rs00d1lc4kf80il7xqp4gx4lnd7wz-coreutils-full-9.6-info' from 'https://cache.nixos.org'...
copying path '/nix/store/y8h3k07g8hpbs8ifx6vxlbh2kfpl4m65-curl-8.12.1-man' from 'https://cache.nixos.org'...
copying path '/nix/store/a86sq5xqhsbadyr26wbm1qxfdyjlw3n5-dbus-1.14.10-doc' from 'https://cache.nixos.org'...
copying path '/nix/store/4fi6xf2i9p3yp9qm4dqx7ys5m44zjhmj-dbus-1.14.10-man' from 'https://cache.nixos.org'...
copying path '/nix/store/66ylcby92053d0bv0lamxc1ckv86q9s6-dejavu-fonts-minimal-2.37' from 'https://cache.nixos.org'...
copying path '/nix/store/hxk5jwdsnqw7nmp908w8gy7ylf6623pj-dhcpcd.conf' from 'https://cache.nixos.org'...
copying path '/nix/store/ixndbwny9f4ncmji9gd2d6z9yxv3rpam-diffutils-3.10-info' from 'https://cache.nixos.org'...
copying path '/nix/store/vkzpxda2i8ma7nai7pqvax0njls2biki-dns-root-data-2024-06-20' from 'https://cache.nixos.org'...
copying path '/nix/store/9n4bhxwjlvcc6hs0za219wnhm8wndwp1-e2fsprogs-1.47.2-info' from 'https://cache.nixos.org'...
copying path '/nix/store/6l440giqlrqv4asj29cm9fw8r53pm4d0-e2fsprogs-1.47.2-man' from 'https://cache.nixos.org'...
copying path '/nix/store/vh5z51qqrz7qv0726796dhfim9c0h7s5-etc-bash_logout' from 'https://cache.nixos.org'...
copying path '/nix/store/shzbj2rknb06q02jsh1bd9w7hjyid9im-etc-dhcpcd.exit-hook' from 'https://cache.nixos.org'...
copying path '/nix/store/gk9jbma2ksivf1c1anzc8c4yziyvbi2x-etc-fuse.conf' from 'https://cache.nixos.org'...
copying path '/nix/store/40czrv2djqkb855q3mzykdkc8xzxid56-etc-host.conf' from 'https://cache.nixos.org'...
copying path '/nix/store/xv1lbs4zqicka13n4iir9f0rkna0kqlz-etc-lsb-release' from 'https://cache.nixos.org'...
copying path '/nix/store/rhlkgmhj9wla2yw0asdrpcg0vgwg96mz-etc-lvm-lvm.conf' from 'https://cache.nixos.org'...
copying path '/nix/store/xnvvbapa0bc6clxrf54w68sfl8dvz5gv-etc-man_db.conf' from 'https://cache.nixos.org'...
copying path '/nix/store/yycnciccp0khq5a2m5dbi7khjryzsris-etc-modprobe.d-nixos.conf' from 'https://cache.nixos.org'...
copying path '/nix/store/4z7l86940fg4cyxh5qmc1fhzyp0j3xn7-etc-netgroup' from 'https://cache.nixos.org'...
copying path '/nix/store/jp5jfcpw2rma3pvh3jziwx98478q075h-etc-nscd.conf' from 'https://cache.nixos.org'...
copying path '/nix/store/rs8k8napvs4pcad87h4s5m7dzrpv38rq-etc-systemd-logind.conf' from 'https://cache.nixos.org'...
copying path '/nix/store/gxr2430z2p84ai013dflixdzixm1d8fr-etc-nsswitch.conf' from 'https://cache.nixos.org'...
copying path '/nix/store/0450yivwyply3djhknqww2vmr7ygm8j0-etc-resolvconf.conf' from 'https://cache.nixos.org'...
copying path '/nix/store/fsg5hyjaw0h6hjf50gh5n2avxfds6x67-etc-systemd-resolved.conf' from 'https://cache.nixos.org'...
copying path '/nix/store/4j2w5hnksbg5shp1k8cyxhw58j9r8yyi-etc-systemd-coredump.conf' from 'https://cache.nixos.org'...
copying path '/nix/store/psrx8fpa0c0dsf2yry25bg8jzbkma59v-etc-ssh-ssh_known_hosts' from 'https://cache.nixos.org'...
copying path '/nix/store/sgdwx2a03j5dn96cm66cgbhsmx7ly4wq-etc-systemd-networkd.conf' from 'https://cache.nixos.org'...
copying path '/nix/store/3sllwqjjm2gwl1hdvhaigssncf7d5h8d-etc-systemd-sleep.conf' from 'https://cache.nixos.org'...
copying path '/nix/store/l8pkwkc3w4kgsaq0sgff2w1fm56kli84-etc-systemd-oomd.conf' from 'https://cache.nixos.org'...
copying path '/nix/store/ldah95wy88m2w8zc3i6w2lvall6fglv7-etc-systemd-system-preset-00-nixos.preset' from 'https://cache.nixos.org'...
copying path '/nix/store/l1qcayjy3kz0cd3yh85x78simd9m50gc-etc-systemd-timesyncd.conf' from 'https://cache.nixos.org'...
copying path '/nix/store/39fxa565i458qi1jdh95dc1l0336ny7h-etc-systemd-user-preset-00-nixos.preset' from 'https://cache.nixos.org'...
copying path '/nix/store/57iqln99g22kkqipay1wig3mj1jwsljy-etc-systemd-user.conf' from 'https://cache.nixos.org'...
copying path '/nix/store/zbh8q9yl2hm217ghrqgs50zpi86l21qf-fc-10-nixos-rendering.conf' from 'https://cache.nixos.org'...
copying path '/nix/store/43a0fqrk6gi7fqgd7phz771vclfiz60h-fc-52-nixos-default-fonts.conf' from 'https://cache.nixos.org'...
copying path '/nix/store/037gb83y1jc2c7iyzpf9n7q6qr4m2frc-fc-53-nixos-reject-type1.conf' from 'https://cache.nixos.org'...
copying path '/nix/store/fzng86iv5f6gws4cdv97s7va7kxnd43q-gcc-14.2.1.20250322-libgcc' from 'https://cache.nixos.org'...
copying path '/nix/store/z56xji88lqy8b4sfj9f5kdl1rvlafp8b-fc-53-no-bitmaps.conf' from 'https://cache.nixos.org'...
copying path '/nix/store/l38y86xqnswwpg9y8gcpxdqcfb463n7b-findutils-4.10.0-info' from 'https://cache.nixos.org'...
copying path '/nix/store/8qcjdrdpm1bq6hwhphca2k56b4frbl72-fontconfig-2.16.0' from 'https://cache.nixos.org'...
copying path '/nix/store/w85lzldixxn7nz3jslr092dhljhs7si6-fuse-2.9.9-man' from 'https://cache.nixos.org'...
copying path '/nix/store/4ng07ch1kh90l0r8f3k8x7z9qcgkfxvv-fuse-3.16.2-man' from 'https://cache.nixos.org'...
copying path '/nix/store/4n2af8zgwp8ldkrxjarhii8zqznbqyb4-gawk-5.3.1-info' from 'https://cache.nixos.org'...
copying path '/nix/store/iv3c03ygjfh4f7x0d61b7x8m71zlqghl-gawk-5.3.1-man' from 'https://cache.nixos.org'...
copying path '/nix/store/95rk1q5fi6r22chg3ymhqgamj0v9qqyk-fc-cache' from 'https://cache.nixos.org'...
copying path '/nix/store/jzh3zg8l5h9cyibmqyskqwv50a7dma10-X-Reload-Triggers-systemd-resolved' from 'https://cache.nixos.org'...
copying path '/nix/store/w8insrvj75xkh6ib4xq8cwhbl122bfjr-X-Restart-Triggers-systemd-networkd' from 'https://cache.nixos.org'...
copying path '/nix/store/pq0nalycfhy7xachd5zcws70g9gimqfn-X-Restart-Triggers-systemd-timesyncd' from 'https://cache.nixos.org'...
copying path '/nix/store/akax5i01dv52g1afp4lw19if6av36pbx-glibc-locales-2.40-66' from 'https://cache.nixos.org'...
copying path '/nix/store/z1vq2h25hmb1mwsvpg9cw8zaf73jpx9s-gnugrep-3.11-info' from 'https://cache.nixos.org'...
copying path '/nix/store/zvwfjxlkcv2pyj1dkqlm5shmx9059hzj-gnused-4.9-info' from 'https://cache.nixos.org'...
copying path '/nix/store/csh1f6p9fnpbyda76bvbp4rxwq8bh83g-gnutar-1.35-info' from 'https://cache.nixos.org'...
copying path '/nix/store/1fv834kb8xcbd64x5h58n8rzqry4qxhd-gzip-1.13-info' from 'https://cache.nixos.org'...
copying path '/nix/store/hp7z6n7np7rim6n6acipb5mc9gapf6ik-gzip-1.13-man' from 'https://cache.nixos.org'...
copying path '/nix/store/wxazx941yxf6psj7yy2pz21xzllsn67m-hicolor-icon-theme-0.18' from 'https://cache.nixos.org'...
copying path '/nix/store/zv16l3v2x7vmifs6biqav2m86b1njmj5-iana-etc-20250108' from 'https://cache.nixos.org'...
copying path '/nix/store/2724vvfp8s1k609xlz4pl8q2mqn2hngh-fc-00-nixos-cache.conf' from 'https://cache.nixos.org'...
copying path '/nix/store/dwv0wf3szv3ipgyyyrf1zxh4iqlckiip-inputrc' from 'https://cache.nixos.org'...
copying path '/nix/store/fraaxiffw1cihkdzvwl2vdr2y3jdbnhp-intel2200BGFirmware-3.1-zstd' from 'https://cache.nixos.org'...
copying path '/nix/store/rd4pz8iw42h2r9g9gjrii6l598fdiriw-iptables-1.8.11-man' from 'https://cache.nixos.org'...
copying path '/nix/store/w92mzmqjwbvl3v6x5yqnlg2ngkrsnchy-keymap' from 'https://cache.nixos.org'...
copying path '/nix/store/srnp3yfgybwz79qpj57jfc38g50a1h8z-kmod-blacklist-31+20240202-2ubuntu8' from 'https://cache.nixos.org'...
copying path '/nix/store/5an444wqnzngpjj8rwxbjaglcvzb95wp-kmod-debian-aliases.conf-30+20230601-2' from 'https://cache.nixos.org'...
copying path '/nix/store/ph8i0fn6s60gjsfl8d3d9q917qhfmkc7-less-668-man' from 'https://cache.nixos.org'...
copying path '/nix/store/agfb9wyplgppmwl71z9qjn3divdq1izb-lessconfig' from 'https://cache.nixos.org'...
copying path '/nix/store/mhxn5kwnri3z9hdzi3x0980id65p0icn-lib.sh' from 'https://cache.nixos.org'...
copying path '/nix/store/zxzl5rllihwgjkx53jd32ki9j56mpfbz-libcap-2.75-doc' from 'https://cache.nixos.org'...
copying path '/nix/store/1m1zzqr6xakck10qnq049hasgp2szrln-libreelec-dvb-firmware-1.5.0-zstd' from 'https://cache.nixos.org'...
copying path '/nix/store/96gvxqc0bpfdkddphq6fxnlqbd2kkf2m-libcap-2.75-man' from 'https://cache.nixos.org'...
copying path '/nix/store/mbx9ii53lzjlrsnlrfmzpwm33ynljwdn-libunistring-1.3' from 'https://cache.nixos.org'...
copying path '/nix/store/mn3f2g2arb8g0q2lbbw0l2q7900xm5s2-libressl-4.0.0-man' from 'https://cache.nixos.org'...
copying path '/nix/store/aqw465s4nyj623d3arwaip39a4hj9n9m-fontconfig-conf' from 'https://cache.nixos.org'...
copying path '/nix/store/fw2jgy1krnvda2imj1y6gqr56x0g8iwi-linux-6.12.24' from 'https://cache.nixos.org'...
copying path '/nix/store/7jmc557nxhvj8wqcihqhszh3vhaq4qn4-linux-firmware-20250410-zstd' from 'https://cache.nixos.org'...
copying path '/nix/store/1zhclzi0z1vphj3wdf9k8gzzk2057li6-linux-headers-static-6.12.7' from 'https://cache.nixos.org'...
copying path '/nix/store/x88814f1h1wh44pb8z3a2907s9c3329j-linux-pam-1.6.1-doc' from 'https://cache.nixos.org'...
copying path '/nix/store/pbk0ln77gb0iihkfb40ab7aqfgwrxgqn-linux-pam-1.6.1-man' from 'https://cache.nixos.org'...
copying path '/nix/store/q7idaa1z03fv4wjkb5kzcbhp4rwh6rcc-local-cmds' from 'https://cache.nixos.org'...
copying path '/nix/store/12dsasl5faqfpz8c2pvrsj340vq6vdml-locale.conf' from 'https://cache.nixos.org'...
copying path '/nix/store/3m71kr5h5n9x4pqyyg0kz7blkcghwnl6-login.defs' from 'https://cache.nixos.org'...
copying path '/nix/store/k8w532ssay1y1jmz6rd8bn39lvgl9m85-logrotate.conf' from 'https://cache.nixos.org'...
copying path '/nix/store/3pflm3lx4chnzqafw0pd9pdjv1fq72ba-lvm2-2.03.31-man' from 'https://cache.nixos.org'...
copying path '/nix/store/vlakxzizv2i57kjwzh47maxgqcc462sc-mailcap-2.1.54' from 'https://cache.nixos.org'...
copying path '/nix/store/7wi4x29rnl6k9ylaf0sy4gqlxy1hb4sg-man-db-2.13.0-doc' from 'https://cache.nixos.org'...
copying path '/nix/store/3r0ghza9wf3ixfdlsp0xra73azpym1rx-fontconfig-etc' from 'https://cache.nixos.org'...
copying path '/nix/store/h69c45cr40zx50c028q88cc90idvh1zg-mounts.sh' from 'https://cache.nixos.org'...
copying path '/nix/store/qdv28rq2xlj68lsgrar938dq38v2lh5b-multiuser.nix' from 'https://cache.nixos.org'...
copying path '/nix/store/dmy7iwn3nnmgflzf19pxp5kxgcmsg9h0-nano-8.4-info' from 'https://cache.nixos.org'...
copying path '/nix/store/6rcjlmfxiqfhbbq9y6mjkxmcijlpjk0q-ncurses-6.5-man' from 'https://cache.nixos.org'...
copying path '/nix/store/gpw6h74n9mm1x03sfqg6nhkgnrnp2h0n-nix-2.28.2-doc' from 'https://cache.nixos.org'...
copying path '/nix/store/vskwni2ckjgpdv8s9j2jlgziqp3sp4m9-nix-2.28.2-man' from 'https://cache.nixos.org'...
copying path '/nix/store/k9bxzr1l92r5y6mihrkbpbr3fmc8qszx-libidn2-2.3.8' from 'https://cache.nixos.org'...
copying path '/nix/store/z4hcywmp1wlpa4dbplxm5l7az5506q2l-nix-bash-completions-0.6.8' from 'https://cache.nixos.org'...
copying path '/nix/store/fb2fzz3zsdfpqipc96lyfvdb1wx4zr19-nixos-configuration-reference-manpage' from 'https://cache.nixos.org'...
copying path '/nix/store/7z112a2vhq8nclgbnw53whx3cpdc4cvb-nixos-manual-html' from 'https://cache.nixos.org'...
copying path '/nix/store/rxy8ry56c7hz9mmzljg1kdz8gp20bzmr-nixos-manual.desktop' from 'https://cache.nixos.org'...
copying path '/nix/store/gj6hz9mj23v01yvq1nn5f655jrcky1qq-nixos-option.nix' from 'https://cache.nixos.org'...
copying path '/nix/store/sj7dmc12f7mgc61x61yscm9d535lpmr9-nss-cacert-3.108' from 'https://cache.nixos.org'...
copying path '/nix/store/m520yvvkdng1bqk475gx7ab3w68fjqha-nss-cacert-3.108-p11kit' from 'https://cache.nixos.org'...
copying path '/nix/store/jlp137ldiydkk9vvbgwca3mlnw6yf8gx-other.pam' from 'https://cache.nixos.org'...
copying path '/nix/store/6dph4w36qf39j6nn9mfl91gjpxwn7k6k-perl-5.40.0-man' from 'https://cache.nixos.org'...
copying path '/nix/store/k7nl8lvw5555bk9vdia65xgmdmdl1h4c-perl5.40.0-File-Slurp-9999.32' from 'https://cache.nixos.org'...
copying path '/nix/store/4qnxfvyb5szjgazjp9qg38q5gaysj7k8-perl5.40.0-IO-Stringy-2.113' from 'https://cache.nixos.org'...
copying path '/nix/store/4kpdjk8mwvvd1v8g6mg7fq661z5p9ljj-perl5.40.0-JSON-4.10' from 'https://cache.nixos.org'...
copying path '/nix/store/jgb9ijhkwa7298hmqnsagsznarix9j6w-publicsuffix-list-0-unstable-2025-03-12' from 'https://cache.nixos.org'...
copying path '/nix/store/30qhz45nwgfyns13ijq0nwrsjp8m7ypa-relaxedsandbox.nix' from 'https://cache.nixos.org'...
copying path '/nix/store/nn8yax3kxpbz6wafz5r9srfsmdpv8hyn-rt5677-firmware-zstd' from 'https://cache.nixos.org'...
copying path '/nix/store/3j7yc86vk8gsn02k05qpx2qvri1ajb43-rtl8192su-unstable-2016-10-05-zstd' from 'https://cache.nixos.org'...
copying path '/nix/store/lkj6gmx20i2lfl38s3rz4w312jylhwmq-rtl8761b-firmware-zstd' from 'https://cache.nixos.org'...
copying path '/nix/store/6602zq9jmd3r4772ajw866nkzn6gk1j0-sandbox.nix' from 'https://cache.nixos.org'...
copying path '/nix/store/rg5rf512szdxmnj9qal3wfdnpfsx38qi-setup-etc.pl' from 'https://cache.nixos.org'...
copying path '/nix/store/8wmn645qis968v4qwgs970jysxvls82g-shadow-4.17.4-man' from 'https://cache.nixos.org'...
copying path '/nix/store/9y3nx46iqxqcfvqqjx3g85fi7qzjapxl-sof-firmware-2025.01.1-zstd' from 'https://cache.nixos.org'...
copying path '/nix/store/as8rxxqa27a48190kdwsfml6prw2n1mp-perl5.40.0-Config-IniFiles-3.000003' from 'https://cache.nixos.org'...
copying path '/nix/store/s8ndy4813v8agqrncar31pfvcs8l59z7-sound-theme-freedesktop-0.8' from 'https://cache.nixos.org'...
copying path '/nix/store/2ab9ljvsgkmn3zizflwf61207a23q6q1-source' from 'https://cache.nixos.org'...
copying path '/nix/store/s5c21wavwyywp56l7z72nvi7nnfk2qkm-ssh-root-provision.conf' from 'https://cache.nixos.org'...
copying path '/nix/store/hlbf9xby65cnaspywjvfy6drlgiljzbl-strace-6.14-man' from 'https://cache.nixos.org'...
copying path '/nix/store/fx88750yqrir0843vnnmj5gj81sccg8g-stub-ld-i686-unknown-linux-musl' from 'https://cache.nixos.org'...
copying path '/nix/store/v2bvlh6i6fbqz58g5dbdf3ldbrpyxvia-stub-ld-x86_64-unknown-linux-musl' from 'https://cache.nixos.org'...
copying path '/nix/store/rv8dwr6y37kvr0wfiscxjm8sg3678rxn-system-generators' from 'https://cache.nixos.org'...
copying path '/nix/store/dcfrz9hyib37frf3v9qjyhqjysjc43h1-system-shutdown' from 'https://cache.nixos.org'...
copying path '/nix/store/23ra1m0hjzb85hk50cpsd1vb4gprrw33-systemd-257.3-man' from 'https://cache.nixos.org'...
copying path '/nix/store/pgx4rl405kbza51ym2xal9xr0qxc01jk-tzdata-2025b' from 'https://cache.nixos.org'...
copying path '/nix/store/24yig94gn7grgwdvhxnir3fbx9bijm16-udhcp-script' from 'https://cache.nixos.org'...
copying path '/nix/store/g0gqkva6w9nzzkx0x3kbmjdr13d79xal-unit--.slice' from 'https://cache.nixos.org'...
copying path '/nix/store/hl49agf95kac7l869gnjmk9g8h0ziqsb-unit-dbus.socket' from 'https://cache.nixos.org'...
copying path '/nix/store/87s20d2lnbwdyvax8m7hr6gz06jd1vkh-unit-fs.target' from 'https://cache.nixos.org'...
copying path '/nix/store/ll78kd3wz8ibnbp242vgsx1jkh1x67h0-unit-fstrim.timer' from 'https://cache.nixos.org'...
copying path '/nix/store/kn24f5sn2wr6p2xz6hsbszv4f9rdmhxr-nixos-tmpfiles.d' from 'https://cache.nixos.org'...
copying path '/nix/store/aqksy4n3rf0qiknli0brjwwhhvbv9s5x-unit-keys.target' from 'https://cache.nixos.org'...
copying path '/nix/store/pj9gm28izrg6xn3fza5y3ggxbq4wk1iv-unit-local-fs.target' from 'https://cache.nixos.org'...
copying path '/nix/store/xgz4vhj5ws8jx0ydz4l1fcj23f55pfzr-unit-logrotate.timer' from 'https://cache.nixos.org'...
copying path '/nix/store/ssi85vwz9zl93c6jrkxvbnfrnxnszz8x-unit-multi-user.target' from 'https://cache.nixos.org'...
copying path '/nix/store/c78f3x07v40kwi0087njr97y47vyz0fg-unit-network-local-commands.service-disabled' from 'https://cache.nixos.org'...
copying path '/nix/store/ddzp99q84rcxr2jj7vg71vcm0q9bv691-unit-nix-daemon.socket' from 'https://cache.nixos.org'...
copying path '/nix/store/bj2cg8jn8k7jxd99564afrjl6zw51sm1-unit-nixos-fake-graphical-session.target' from 'https://cache.nixos.org'...
copying path '/nix/store/ag261fl8hv9nxbwjbgzfzp71b343ly7r-unit-post-resume.target' from 'https://cache.nixos.org'...
copying path '/nix/store/chkwqkx27sdlcgay4v8r2k0n0w3r14q3-unit-remote-fs.target' from 'https://cache.nixos.org'...
copying path '/nix/store/y55qyfgjlan5mr1pj3fzd2vlm0n50d6j-unit-run-initramfs.mount' from 'https://cache.nixos.org'...
copying path '/nix/store/5l2ckcpkp2n58bci8qb3i507b0rcq6wg-unit-run-wrappers.mount' from 'https://cache.nixos.org'...
copying path '/nix/store/iig5kfdqqvrqi26b4s0jqkb06cc60nlv-unit-sysinit-reactivation.target' from 'https://cache.nixos.org'...
copying path '/nix/store/b00yh0yvyc2zvzjhlgi2a618n4qakz54-unit-system.slice' from 'https://cache.nixos.org'...
copying path '/nix/store/3fh4pjr6kqr43417hnva4r7gm369m03a-unit-systemd-journald-audit.socket' from 'https://cache.nixos.org'...
copying path '/nix/store/hf2gwa4drn19a3a1rbzi3zr4gbzmk084-unit-systemd-networkd.socket' from 'https://cache.nixos.org'...
copying path '/nix/store/ksrxysvalpkvsb974359cc0dhx56s023-unit-user-.slice' from 'https://cache.nixos.org'...
copying path '/nix/store/iiildlqinikkm0h8wqwfnrk7ab4nwcik-unit-zfs-import.target' from 'https://cache.nixos.org'...
copying path '/nix/store/6cyj6w8dv29ws4kvhzmqk0nbmzbip61r-unit-zfs.target' from 'https://cache.nixos.org'...
copying path '/nix/store/wxcx3zc0vqdx0cvgpsgfss9lzjcin9wd-unit-zpool-trim.timer' from 'https://cache.nixos.org'...
copying path '/nix/store/w142vx7ij1fz6qwhp5dprkf59cizvv1v-update-users-groups.pl' from 'https://cache.nixos.org'...
copying path '/nix/store/gnkfigffv88sl0ib835d208d108pkfs2-user-generators' from 'https://cache.nixos.org'...
copying path '/nix/store/hzvz9d3zfvnlwxk5whjzbb3ky1hxr20r-useradd' from 'https://cache.nixos.org'...
copying path '/nix/store/dck6mbn6m6xdh91prmw5m4a444b69rja-util-linux-2.40.4-man' from 'https://cache.nixos.org'...
copying path '/nix/store/9is7y0chzbyvya97iwb6dmx7pi1d2fzz-vconsole.conf' from 'https://cache.nixos.org'...
copying path '/nix/store/im21kl994x0yk1xvfpsghqrj82vp5spp-wireless-regdb-2025.02.20-zstd' from 'https://cache.nixos.org'...
copying path '/nix/store/rf8hcy6bldxdqc0g6q1dcka1vh47x69s-xgcc-14.2.1.20250322-libgcc' from 'https://cache.nixos.org'...
copying path '/nix/store/lnwbd11w0i5bhrhvypnjr1y5yz67n0yx-xz-5.8.1-doc' from 'https://cache.nixos.org'...
copying path '/nix/store/ijhc7rwrbhbwbj3p0ynmc4rvm1pw5z1x-xz-5.8.1-man' from 'https://cache.nixos.org'...
copying path '/nix/store/4zpvjlmsc2j2fbsnyajjr6pxsa46cph0-zd1211-firmware-1.5-zstd' from 'https://cache.nixos.org'...
copying path '/nix/store/i890jzgg25zmak6klg67ls7ixda75jl7-zstd-1.5.7-man' from 'https://cache.nixos.org'...
copying path '/nix/store/vbrdc5wgzn0w1zdp10xd2favkjn5fk7y-glibc-2.40-66' from 'https://cache.nixos.org'...
copying path '/nix/store/spfq0yjliz1s7554bs20vr7rd4zgyj2j-aws-c-common-0.10.3' from 'https://cache.nixos.org'...
copying path '/nix/store/gki9d8dw4r9ri6zx44vsj90dnn9zji48-attr-2.5.2' from 'https://cache.nixos.org'...
copying path '/nix/store/9nw8b61s8lfdn8fkabxhbz0s775gjhbr-bash-5.2p37' from 'https://cache.nixos.org'...
copying path '/nix/store/kmrk6s3mlf7an638hfy6lhi6y4dkmqa4-brotli-1.1.0-lib' from 'https://cache.nixos.org'...
copying path '/nix/store/xy82mag0b0r7fxhb2j9k33igvam8vpln-bzip2-1.0.8' from 'https://cache.nixos.org'...
copying path '/nix/store/1gvxl56db0pcnj1yxlvb91yzyjcz61wj-cpio-2.15' from 'https://cache.nixos.org'...
copying path '/nix/store/ydblgk0c8vgsh6yx07wjn83ap1sgzhra-dosfstools-4.2' from 'https://cache.nixos.org'...
copying path '/nix/store/mijhzb5dlvjb8krj9lq90cia9zsl6p2x-ed-1.21' from 'https://cache.nixos.org'...
copying path '/nix/store/v063cqfjfvhv3yl6inmls5n7w9q0qqbw-editline-1.17.1' from 'https://cache.nixos.org'...
copying path '/nix/store/iaf3g2n1prbljg4b6ahf48vkm98d4a7h-expat-2.7.1' from 'https://cache.nixos.org'...
copying path '/nix/store/qi25cvn9j1xyvl9p7lp8nw9wqk5k648r-gawk-5.3.1' from 'https://cache.nixos.org'...
copying path '/nix/store/7n3q3rgy5382di7ccrh3r6gk2xp51dh7-gcc-14.2.1.20250322-lib' from 'https://cache.nixos.org'...
copying path '/nix/store/mmy6a0mgl1wmaa7ibrlp70z7q7bjnz85-gdbm-1.24-lib' from 'https://cache.nixos.org'...
copying path '/nix/store/lkgfphix3sgfsm38smsw38xk81h3f3ig-glibc-2.40-66-bin' from 'https://cache.nixos.org'...
copying path '/nix/store/3zr7pix2k72i1wpr34p26zwswjlh3mg8-glibc-2.40-66-getent' from 'https://cache.nixos.org'...
copying path '/nix/store/ssy7nai103s1q459qir4nsb8xj7abppn-bzip2-1.0.8-bin' from 'https://cache.nixos.org'...
copying path '/nix/store/bz6z6c26ajk870qxipxkkp8a6cympj3l-gnused-4.9' from 'https://cache.nixos.org'...
copying path '/nix/store/zlhxfnpm04w3gyv4v4dvd9x4aj4nghfw-acl-2.3.2' from 'https://cache.nixos.org'...
copying path '/nix/store/s8q3y79nn7ash3shf5j4f274zhr7a0y5-attr-2.5.2-bin' from 'https://cache.nixos.org'...
copying path '/nix/store/svz9z9xya9kz3msv6bsi5w4ilxw8spyd-getent-glibc-2.40-66' from 'https://cache.nixos.org'...
copying path '/nix/store/zidvh13kzsvm81d4bjydgr2svgxdg4ci-json-c-0.18' from 'https://cache.nixos.org'...
copying path '/nix/store/1ld3kw0dnc06752c0bl5y051rvqd90ri-keyutils-1.6.3-lib' from 'https://cache.nixos.org'...
copying path '/nix/store/cdsd4k7frss2yypx3a7w6d445gn5a9n2-libICE-1.1.2' from 'https://cache.nixos.org'...
copying path '/nix/store/wxg7sndavk674mf5aqq9q9q0dfaghf38-libXau-1.0.12' from 'https://cache.nixos.org'...
copying path '/nix/store/4i74hj5xncsjs31cx4v02bxq29wlrgkh-libXdmcp-1.1.5' from 'https://cache.nixos.org'...
copying path '/nix/store/4zp1vkpkyxvdkyn0zb41l96zzx3p7lcj-libaio-0.3.113' from 'https://cache.nixos.org'...
copying path '/nix/store/982vwzgjy26d9cyrzgdbm565m455n5k6-libapparmor-4.0.3' from 'https://cache.nixos.org'...
copying path '/nix/store/nzy35li3vj5vbnn6glzjjn39ljn6rf6v-libblake3-1.8.0' from 'https://cache.nixos.org'...
copying path '/nix/store/h54753j6h6vkqf27hxbj16fal97fl7gm-libcap-2.75-lib' from 'https://cache.nixos.org'...
copying path '/nix/store/b018bavl8dmhvw67p7pzijn0rvhwady2-libcap-ng-0.8.5' from 'https://cache.nixos.org'...
copying path '/nix/store/5c2n8r8r0m3ga8lvgq2v2qhbm3md7j2m-audit-disable' from 'https://cache.nixos.org'...
copying path '/nix/store/1f74i065wxzkrafqx777mscjh44l1jnx-acl-2.3.2-bin' from 'https://cache.nixos.org'...
copying path '/nix/store/3hizgm4jgw91p180k18hkppypch0h3n2-audit-stop' from 'https://cache.nixos.org'...
copying path '/nix/store/xm57i506l7sqkxnbqiabq8d146p25qfa-container-init' from 'https://cache.nixos.org'...
copying path '/nix/store/9cch2wz9whys396064bmiixdjf286705-firewall-start' from 'https://cache.nixos.org'...
copying path '/nix/store/2k8b0ql674f471w12pjfpw4l9d426d5a-aws-c-compression-0.3.0' from 'https://cache.nixos.org'...
copying path '/nix/store/z9nr427r6xs3q5naa6bk5s6qizkrhfy5-aws-c-sdkutils-0.2.1' from 'https://cache.nixos.org'...
copying path '/nix/store/shrk16i6rsx4hwv8b527v63raq9znnxn-aws-checksums-0.2.2' from 'https://cache.nixos.org'...
copying path '/nix/store/2m2d14q9bv5yk7w5c5cmx4gs4w45kr29-firewall-stop' from 'https://cache.nixos.org'...
copying path '/nix/store/0811jngnbp3798f5n9ssqsy74w3kl33p-boehm-gc-8.2.8' from 'https://cache.nixos.org'...
copying path '/nix/store/np914xpgn8y8k06rsnn997359gprsn0n-boehm-gc-8.2.8' from 'https://cache.nixos.org'...
copying path '/nix/store/iyqqajn4rxa4ildy4i3vs77w0m3vdbb2-bootspec-1.0.0' from 'https://cache.nixos.org'...
copying path '/nix/store/8vw77bf15h5d9x5nk07klkypkbdnjcg3-db-4.8.30' from 'https://cache.nixos.org'...
copying path '/nix/store/aqc5qpgbx8qvcmrm7r2kiwkzf0pzfmg0-db-5.3.28' from 'https://cache.nixos.org'...
copying path '/nix/store/aqyb52i14zfswbawqlr8212pmagsrnzs-gmp-with-cxx-6.3.0' from 'https://cache.nixos.org'...
copying path '/nix/store/c0q4z4lnfdb5adqcm7xdivsrbmvw065h-gmp-with-cxx-6.3.0' from 'https://cache.nixos.org'...
copying path '/nix/store/x0yrczlkrid080mrgw4xrcq5r903djnf-gnutar-1.35' from 'https://cache.nixos.org'...
copying path '/nix/store/88kkfxismr4n5v91ryfilw7nlampazj1-firewall-reload' from 'https://cache.nixos.org'...
copying path '/nix/store/mmmzqmsq38ac38nnkpipwdw3ik6lfnz0-groff-1.23.0' from 'https://cache.nixos.org'...
copying path '/nix/store/d5gp0pjr8w1bk2v0b98ggkcywaw187bg-gtest-1.16.0' from 'https://cache.nixos.org'...
copying path '/nix/store/0d3d2c8rk0qn1q9frxfsgzw6yp4cddph-gzip-1.13' from 'https://cache.nixos.org'...
copying path '/nix/store/g8v6i9pyvgv7av100gqnqvxvbmfgckhn-iputils-20240905' from 'https://cache.nixos.org'...
copying path '/nix/store/dxg1xllad9drrmw4ckdqg4mrvhgphb4m-jemalloc-5.3.0' from 'https://cache.nixos.org'...
copying path '/nix/store/qg3q4ya6z9jw2szl8j7ssjf7f70i4w48-libcap-2.75' from 'https://cache.nixos.org'...
copying path '/nix/store/vmzm2cspsqjy7d8w1zi6h7hfrs5pr07h-libcbor-0.12.0' from 'https://cache.nixos.org'...
warning: download buffer is full; consider increasing the 'download-buffer-size' setting
copying path '/nix/store/drfmkwlj29f3wnd9jnwcsbsjxq5i914m-libcpuid-0.7.1' from 'https://cache.nixos.org'...
copying path '/nix/store/xjcdk7wmwmgnrc0zygh2vcv7ij6j6rhl-libevent-2.1.12' from 'https://cache.nixos.org'...
copying path '/nix/store/09b5m303v4d52wjry30xsabj65vnhkni-libffi-3.4.7' from 'https://cache.nixos.org'...
copying path '/nix/store/npwkwd43i56jpl8nl0cdnd4l4y15nlyz-libgpg-error-1.51' from 'https://cache.nixos.org'...
copying path '/nix/store/h5rn37dd6vfvr9xb0jq85sq8hf6xchry-coreutils-9.6' from 'https://cache.nixos.org'...
copying path '/nix/store/d44m5ikqx3nzqqw1f32mc0r7sm5xbbg4-libmd-1.1.0' from 'https://cache.nixos.org'...
copying path '/nix/store/aib863c4gsawfyqd4w343hl23rwyi2ai-libmnl-1.0.5' from 'https://cache.nixos.org'...
copying path '/nix/store/m7afx9qfwai96sxrpzvfbv4w5fx75dd4-libnfnetlink-1.0.2' from 'https://cache.nixos.org'...
copying path '/nix/store/wfdrh7k35asq2d71jadbq7bmq3bgf2vw-libnl-3.11.0' from 'https://cache.nixos.org'...
copying path '/nix/store/hk8j4yj0b3l3zam0j38b57mb29643n4x-libpipeline-1.5.8' from 'https://cache.nixos.org'...
copying path '/nix/store/i426dwpfbiszg0nanln763f2qgcla4s3-libpsl-0.21.5' from 'https://cache.nixos.org'...
copying path '/nix/store/jh9lb60fya9bhdc41r10zi7bxqrzmds6-libressl-4.0.0' from 'https://cache.nixos.org'...
copying path '/nix/store/bqqvrvxf7vq9y3pmzldxzpaw6ixf8k65-libseccomp-2.6.0-lib' from 'https://cache.nixos.org'...
copying path '/nix/store/gs5m80cyrrmykxm73bbp6qhhgsbjhf8v-libsodium-1.0.20' from 'https://cache.nixos.org'...
copying path '/nix/store/xjslc6f7pziyxnf79qcnh6hhn4wcn5sf-libtasn1-4.20.0' from 'https://cache.nixos.org'...
copying path '/nix/store/asw9g5vng2q6hy0xrn5d683nbyq99fkx-libnftnl-1.2.8' from 'https://cache.nixos.org'...
copying path '/nix/store/vsfgc92pgxsb9mpgqlfycvf18ni87j7l-libnetfilter_conntrack-1.1.0' from 'https://cache.nixos.org'...
copying path '/nix/store/ymwgw73kir5hn8ps96d3r08acylgxcjv-libtool-2.5.4-lib' from 'https://cache.nixos.org'...
copying path '/nix/store/hr7zlvas7yvmndi91n30kp64zww35d3b-liburcu-0.15.1' from 'https://cache.nixos.org'...
copying path '/nix/store/vfw8hhr46ih7gj2gfzh3m977cz0zbchs-libuv-1.50.0' from 'https://cache.nixos.org'...
copying path '/nix/store/fwmhv4zclqpiq54jwkaz15kn6r2hddik-libxcb-1.17.0' from 'https://cache.nixos.org'...
copying path '/nix/store/2lp9bfjs73idka3p2s6v0zdwmfasmm8m-libxcrypt-4.4.38' from 'https://cache.nixos.org'...
copying path '/nix/store/cyfnv9cf24p0zn3hasvjamf14f75inv4-libxml2-2.13.6' from 'https://cache.nixos.org'...
copying path '/nix/store/pxm2cimk6n74qlhq7yld8xakdy9vdrc5-libbsd-0.12.2' from 'https://cache.nixos.org'...
copying path '/nix/store/58i33g6akv62zr4ajbl1jh9hcqkf1316-llhttp-9.2.1' from 'https://cache.nixos.org'...
copying path '/nix/store/6c4hh9p9mm1phnaf2x6sz3w26sg21z16-lowdown-1.3.2-lib' from 'https://cache.nixos.org'...
copying path '/nix/store/vmdv28syqv4akmbn04pg4490inmm9zkq-libpcap-1.10.5' from 'https://cache.nixos.org'...
copying path '/nix/store/llbxcznfpdzx5gymb1kqjaxw8hksppvj-lz4-1.10.0-lib' from 'https://cache.nixos.org'...
copying path '/nix/store/g5g19j5q0pd836j2cj26kz2y4y1rnkh4-lzo-2.10' from 'https://cache.nixos.org'...
copying path '/nix/store/2yr6cmqxj7lggia8lblfc2s274rjvvl4-libressl-4.0.0-nc' from 'https://cache.nixos.org'...
copying path '/nix/store/igl9jh8yn3y9fr9fczmgfyv8gmcf88b5-copy-extra-files' from 'https://cache.nixos.org'...
copying path '/nix/store/9q848nyysljzqgi1wd8hzj8yr7psh9xm-diffutils-3.10' from 'https://cache.nixos.org'...
copying path '/nix/store/7l0lfmx3pp9xs9i5q285vdjqy9hc0giv-findutils-4.10.0' from 'https://cache.nixos.org'...
copying path '/nix/store/sp9f3snz50z5p6vawklcn3cdscw90c0y-libassuan-3.0.2' from 'https://cache.nixos.org'...
copying path '/nix/store/3m732af9shqzjzxh1ams7clfcdkmwvbp-libgcrypt-1.10.3-lib' from 'https://cache.nixos.org'...
copying path '/nix/store/80cq85lywy4ihlgr2psg10qjrz03m5b1-make-initrd-ng-0.1.0' from 'https://cache.nixos.org'...
copying path '/nix/store/9ldqp3qc6g4pxxy5rdnnx94hn6x2av86-migrate-dhcpcd' from 'https://cache.nixos.org'...
copying path '/nix/store/b7b2iif942libx0g68y8j4p498v8dwln-mkpasswd-5.5.23' from 'https://cache.nixos.org'...
copying path '/nix/store/0nlaszcdwww9q2dmb17440v2c9jvf994-mpdecimal-4.0.0' from 'https://cache.nixos.org'...
copying path '/nix/store/yhzsi92rrkr6cis393lsm1iz0hk2gwhs-mtools-4.0.48' from 'https://cache.nixos.org'...
copying path '/nix/store/mpm9k64xr5vyc2kq3jyrinjwxsgq9g6z-ncurses-6.5' from 'https://cache.nixos.org'...
copying path '/nix/store/3jp5wym1vvahldj84zzzl7hb1g6795jj-net-tools-2.10' from 'https://cache.nixos.org'...
copying path '/nix/store/b3359x49zjgam1r7d3hi29vg7ma92yr7-nettle-3.10.1' from 'https://cache.nixos.org'...
copying path '/nix/store/nklqi1qdypdpwq6ami49f0mp23c1l27h-nghttp2-1.65.0-lib' from 'https://cache.nixos.org'...
copying path '/nix/store/ygai8x0kv0y812f7c8rszc50n5y4fhlc-nixos-build-vms' from 'https://cache.nixos.org'...
copying path '/nix/store/05jknh3ia462qj4n4b556gkw3vmbg2lj-libX11-1.8.12' from 'https://cache.nixos.org'...
copying path '/nix/store/cfnrj4s4qgj4bf8dh8d9jacl89mafvms-iptables-1.8.11' from 'https://cache.nixos.org'...
copying path '/nix/store/fpjp0z5di6cmz1vn5lsva9cr3hmpisvh-npth-1.8' from 'https://cache.nixos.org'...
copying path '/nix/store/0a60akkqkci1fvjwvpxqf8z0v4gr37cd-nsncd-1.5.1' from 'https://cache.nixos.org'...
copying path '/nix/store/z9m5xmnak4z0i0a6yy0mzrmkgryq60v1-oniguruma-6.9.10-lib' from 'https://cache.nixos.org'...
copying path '/nix/store/yss7dszbr0pz3zqym0kf167rh71l870m-openssl-3.4.1' from 'https://cache.nixos.org'...
copying path '/nix/store/5rxwawd4f8wgbr07qykk8k2316r73drc-p11-kit-0.25.5' from 'https://cache.nixos.org'...
copying path '/nix/store/4b6pj44w86dnzkpblsfxnyhj7k1y0sdh-gnupg-2.4.7' from 'https://cache.nixos.org'...
copying path '/nix/store/mk5kbj9vrzkwbxshy5v3r206fidky0f5-patch-2.7.6' from 'https://cache.nixos.org'...
copying path '/nix/store/nalqwq0dpzqnp4nfv25370cb17q3wx4j-pcre2-10.44' from 'https://cache.nixos.org'...
copying path '/nix/store/6y7l9kwfycplp7c8rxsylfrfyy4y6fka-pcsclite-2.3.0-lib' from 'https://cache.nixos.org'...
copying path '/nix/store/b533x4ix9la9hh0fr6p0fcaqz458gv0l-popt-1.19' from 'https://cache.nixos.org'...
copying path '/nix/store/d2jzaxg7yj6va82hm2wsgqhi0qlms5jc-hostname-net-tools-2.10' from 'https://cache.nixos.org'...
copying path '/nix/store/xr5h4v8b88pp10rfh45ap4gwmh1zzi6d-pre-switch-checks' from 'https://cache.nixos.org'...
copying path '/nix/store/ml6bmlqnm02rm7dzfam16nx7fw1bdapm-qrencode-4.1.1' from 'https://cache.nixos.org'...
copying path '/nix/store/pbz31jqh6pv5hrdm7s9hj5gp18kh6j81-rapidcheck-0-unstable-2023-12-14' from 'https://cache.nixos.org'...
copying path '/nix/store/ykvv38lvjpmxx9iamqvnp2q321dy6f7l-sysstat-12.7.4' from 'https://cache.nixos.org'...
copying path '/nix/store/2y5zfakdg53hqbac3rnvb72vmllpn9zf-jq-1.7.1' from 'https://cache.nixos.org'...
copying path '/nix/store/935xlrdcgak12057vadla6bl4ani0ddz-systemd-minimal-libs-257.3' from 'https://cache.nixos.org'...
copying path '/nix/store/iik3sx80zzbd2w5rv48qm70kbkwd3c0l-time-1.9' from 'https://cache.nixos.org'...
copying path '/nix/store/4vfhg0rl5wi7z33na0siqy3m6sxscib8-unbound-1.22.0-lib' from 'https://cache.nixos.org'...
copying path '/nix/store/8i12gp78n1m9z794miwbsclgyyp5nm5s-gnugrep-3.11' from 'https://cache.nixos.org'...
copying path '/nix/store/mk2r13dxdml582kgmbb64kd5y8n9948b-libselinux-3.8' from 'https://cache.nixos.org'...
copying path '/nix/store/0zlpzw9q6gwgj2pkyfmjnddvky4hc20s-unit-script-container_-post-start' from 'https://cache.nixos.org'...
copying path '/nix/store/jldkmxvqxji681xh1mzwmsbmi67vdcdv-aws-c-cal-0.8.0' from 'https://cache.nixos.org'...
copying path '/nix/store/3j0ch7psalcxa87prpkv73mppk7mc7bm-coreutils-full-9.6' from 'https://cache.nixos.org'...
copying path '/nix/store/3nawavhk39z9p0l87vdpbiarvyirzv01-jq-1.7.1-bin' from 'https://cache.nixos.org'...
copying path '/nix/store/vdkk3hy54q6bj8j0cvjh5b8pbb7rfgm2-krb5-1.21.3-lib' from 'https://cache.nixos.org'...
copying path '/nix/store/lznagj59apzbxnyrg8w5lnx8v6x6w5ah-dhcpcd-10.1.0' from 'https://cache.nixos.org'...
copying path '/nix/store/p4cjpj8kkygynx70b95abng3b316cxjg-ldns-1.8.4' from 'https://cache.nixos.org'...
copying path '/nix/store/67azx35109apxy1sx1600b6wlyv8dpp5-libtpms-0.10.0' from 'https://cache.nixos.org'...
copying path '/nix/store/1kr7q8aapzjp50fwb4c9cmlqlahhdq1x-logrotate-3.22.0' from 'https://cache.nixos.org'...
copying path '/nix/store/d8zj7xqf621sbbf669lpg1gl5n1nnxim-lvm2-2.03.31-lib' from 'https://cache.nixos.org'...
copying path '/nix/store/qh22fpvgi5b32na4hhnlxkc1v3s8gzgb-s2n-tls-1.5.12' from 'https://cache.nixos.org'...
copying path '/nix/store/6rp66dkklz0avp2a56frplj5bf1vqaa3-libXext-1.3.6' from 'https://cache.nixos.org'...
copying path '/nix/store/8n5ic4lwmyivmjylzmmamih44baf356b-smartmontools-7.4' from 'https://cache.nixos.org'...
copying path '/nix/store/fkxd84dwlp1qgq8r7lyx2y68sfflk57d-bind-9.20.7-lib' from 'https://cache.nixos.org'...
copying path '/nix/store/2lq98pfglf53y7x11jc6px0cf43y9rz9-cyrus-sasl-2.1.28' from 'https://cache.nixos.org'...
copying path '/nix/store/klbay088ykgzk85avka2yrfnqwihm9y5-libtirpc-1.3.6' from 'https://cache.nixos.org'...
copying path '/nix/store/br6dc66kv1kxj1vz8gpcq50y374ih66y-unit-script-container_-pre-start' from 'https://cache.nixos.org'...
copying path '/nix/store/lzf0qpcfdzyhmk6f5cw8cr5sa3vwdzm1-unit-script-post-resume-start' from 'https://cache.nixos.org'...
copying path '/nix/store/9i52sachkkw32hl8vvk55s1j6kd76j9x-unit-script-pre-sleep-start' from 'https://cache.nixos.org'...
copying path '/nix/store/kfk7wyncwlgjjvrva65k81szdbq7x9j8-unit-script-prepare-kexec-start' from 'https://cache.nixos.org'...
copying path '/nix/store/62njrb403l52mb3zqjgy6kcnxhgn3lav-unit-script-systemd-timesyncd-pre-start' from 'https://cache.nixos.org'...
copying path '/nix/store/nwbhyf0ps9mb6dvbf82gf8l53qy9d8wm-util-linux-minimal-2.40.4-login' from 'https://cache.nixos.org'...
copying path '/nix/store/q8qpq1024c1ha2p88yxc3gwj0lxyj11g-vim-9.1.1231-xxd' from 'https://cache.nixos.org'...
copying path '/nix/store/k97zp1l09g0zrzrd2ww2cykiqg879qcz-which-2.23' from 'https://cache.nixos.org'...
copying path '/nix/store/6ixizhbdn1a4b510kcyaa6vwkd03mr9l-xxHash-0.8.3' from 'https://cache.nixos.org'...
copying path '/nix/store/f1y260hq4xprz783bqwilirmnc8nlpvr-xz-5.8.1' from 'https://cache.nixos.org'...
copying path '/nix/store/l9sydxgscmxp16bw3h32igah0y2a1s4b-aws-c-io-0.15.3' from 'https://cache.nixos.org'...
copying path '/nix/store/jk27jlxfsljcmz4jgxkxkmrc1hjgmq1p-zlib-1.3.1' from 'https://cache.nixos.org'...
copying path '/nix/store/jhpnlsrqi0qvv0jjwk1pq8ddqmgz1gjl-zstd-1.5.7' from 'https://cache.nixos.org'...
copying path '/nix/store/831h24ny1vl3d4yv43j5iil0gy05nql6-bind-9.20.7-host' from 'https://cache.nixos.org'...
copying path '/nix/store/5g0mxkx7ym41klwmfvbyj3k9mq6lxj3s-openldap-2.6.9' from 'https://cache.nixos.org'...
copying path '/nix/store/xhbsmfxnpc182gj8crklimha44c0yzy1-cracklib-2.10.0' from 'https://cache.nixos.org'...
copying path '/nix/store/ahflikbm2kni7jz66nwy2f7agvk6il3s-file-5.46' from 'https://cache.nixos.org'...
copying path '/nix/store/35s5s2g8hm2zyqccy3nfbb0ccn798j5y-gnutls-3.8.9' from 'https://cache.nixos.org'...
copying path '/nix/store/866w5x1nmg2467cp4s1nnr7d3kadsvkq-kexec-tools-2.0.29' from 'https://cache.nixos.org'...
copying path '/nix/store/jbyda1gc64mqhvsplvs3qkh6ik9p6m4i-libfido2-1.15.0' from 'https://cache.nixos.org'...
copying path '/nix/store/vaiv34d6prbgsywc884vbwx1pdl3fchh-libpng-apng-1.6.46' from 'https://cache.nixos.org'...
copying path '/nix/store/ya5q1l7bvn87b2dpsy9fp0s819b50y3l-libssh2-1.11.1' from 'https://cache.nixos.org'...
copying path '/nix/store/nkn5ylz22hb1069w8q7n76dacm6jkw4k-perl-5.40.0' from 'https://cache.nixos.org'...
copying path '/nix/store/mw0sapff3pr309r2kzcs7kaw79zxncva-rsync-3.4.1' from 'https://cache.nixos.org'...
copying path '/nix/store/ss7kknaa1yca9f9203zsjgvcjmyznhaq-aws-c-event-stream-0.5.0' from 'https://cache.nixos.org'...
copying path '/nix/store/kggb8k906j2k9ydac8iwlnfq42mamcir-aws-c-http-0.9.2' from 'https://cache.nixos.org'...
copying path '/nix/store/lsn8khmva61v81yf9hlhgzi6hs0s871p-kmod-31' from 'https://cache.nixos.org'...
copying path '/nix/store/lfm378v31ckgl84yw1mpzami56z5i9rr-kmod-31-lib' from 'https://cache.nixos.org'...
copying path '/nix/store/rv3dygmajbz5s46ra6rqqgyb7jgbj3fg-libarchive-3.7.8-lib' from 'https://cache.nixos.org'...
copying path '/nix/store/wpiwk7vyrnrv1c9vbnx31dqvf0q01qpc-freetype-2.13.3' from 'https://cache.nixos.org'...
copying path '/nix/store/vinjfz5l2m1hpk3g87d6gcql5a0bnd02-libmicrohttpd-1.0.1' from 'https://cache.nixos.org'...
copying path '/nix/store/g0s2kna0bilvr391z2kbdzjbgigdcq40-sqlite-3.48.0' from 'https://cache.nixos.org'...
copying path '/nix/store/b3jrsidhy02p43aprq4393d8lm9vz1k6-xz-5.8.1-bin' from 'https://cache.nixos.org'...
copying path '/nix/store/pxj1lzckc1sa5zmgckb6sm9b2v30qh57-zstd-1.5.7-bin' from 'https://cache.nixos.org'...
copying path '/nix/store/kmq714baxkd5yzpnbp09b7dhnks6m74q-curl-8.12.1' from 'https://cache.nixos.org'...
copying path '/nix/store/xy22qcf1bij42z3j920xfphj4dlq00y2-libgit2-1.9.0-lib' from 'https://cache.nixos.org'...
copying path '/nix/store/v9xgq84w9w6hqy1wz0401i6145awna3b-pciutils-3.13.0' from 'https://cache.nixos.org'...
copying path '/nix/store/dhr0ibhw6jgrdf89dq9ynkak3cyxay47-aws-c-auth-0.8.1' from 'https://cache.nixos.org'...
copying path '/nix/store/vs7m1j0nc5zy046mzjjjy8jjs6hhic4d-aws-c-mqtt-0.11.0' from 'https://cache.nixos.org'...
copying path '/nix/store/hppzy0jifm036mlhxvig2dkrjazq1n2n-fontconfig-2.16.0-lib' from 'https://cache.nixos.org'...
copying path '/nix/store/yw75accwvyr76npnzjsdjhpm5s3d3w2a-util-linux-2.40.4-lib' from 'https://cache.nixos.org'...
copying path '/nix/store/sdph6d44qv2gsw2305q4c2gd94h7l7m4-util-linux-minimal-2.40.4-lib' from 'https://cache.nixos.org'...
copying path '/nix/store/iwxy6b8qbcg3mj4pryyz7mh0cnv56k2f-gpm-unstable-2020-06-17' from 'https://cache.nixos.org'...
copying path '/nix/store/pj2gfmbbxrv6jfygrwcmcwrafy526g89-less-668' from 'https://cache.nixos.org'...
copying path '/nix/store/1dv3afd5g623kzcdbz11cyn6jwqdpplm-libedit-20240808-3.1' from 'https://cache.nixos.org'...
copying path '/nix/store/jziiwlsp5q9p4qy9bw7zvkf1p5czj7ah-nano-8.4' from 'https://cache.nixos.org'...
copying path '/nix/store/7avw93qhswcj1zdqgks9qp1m50fhydf9-kbd-2.7.1' from 'https://cache.nixos.org'...
copying path '/nix/store/16g6gyg131k8vgna13ilb4v9msh5fmi9-curl-8.12.1-bin' from 'https://cache.nixos.org'...
copying path '/nix/store/2l9nghmsp3g96il7042d57wiinv0wyp4-elfutils-0.192' from 'https://cache.nixos.org'...
copying path '/nix/store/q82hn8ghyv9071n0rdiz7harbsl44065-cpupower-6.12.24' from 'https://cache.nixos.org'...
copying path '/nix/store/wbrp2s6xyxijlm281959l2n43mskd8sn-readline-8.2p13' from 'https://cache.nixos.org'...
copying path '/nix/store/zspbns3l306b94j6gqcz7sawf7rx30hb-aws-c-s3-0.7.1' from 'https://cache.nixos.org'...
copying path '/nix/store/7abfkqlm7gs6agz3z6xryana8f6mc5m8-fontconfig-2.16.0-bin' from 'https://cache.nixos.org'...
copying path '/nix/store/grm81hxaqm0qvzw3nlfwd7agawhn7gbi-dash-0.5.12' from 'https://cache.nixos.org'...
copying path '/nix/store/r3lh19q0dw0bhzam6hgdp9jgvwy643wi-cryptsetup-2.7.5' from 'https://cache.nixos.org'...
copying path '/nix/store/spq6qz9z236fmp889indhgp611yinm4j-e2fsprogs-1.47.2' from 'https://cache.nixos.org'...
copying path '/nix/store/yxyncg0y2b39kjgi4c52w74c4w1za7pg-glib-2.82.5' from 'https://cache.nixos.org'...
copying path '/nix/store/isggvcxssb4dnxmq81ignd6zmkwmll7x-libSM-1.2.5' from 'https://cache.nixos.org'...
copying path '/nix/store/m3hnxdlz6v6650ggqz29nsqbvzvdvnsy-bash-interactive-5.2p37' from 'https://cache.nixos.org'...
copying path '/nix/store/2xicdb03i4v2q5j98052ijw9xlj1a2p0-aws-crt-cpp-0.29.4' from 'https://cache.nixos.org'...
copying path '/nix/store/zkzdgi5jd5w46h1viq8mfa0cnyg5pmzb-etc-nanorc' from 'https://cache.nixos.org'...
copying path '/nix/store/zaawjaxmcxi3xq4q2i6ivy3r73b4i9fb-nfs-utils-2.7.1-lib' from 'https://cache.nixos.org'...
copying path '/nix/store/fqm9bqqlmaqqr02qbalm1bazp810qfiw-python3-3.12.9' from 'https://cache.nixos.org'...
copying path '/nix/store/fy4qcrdpjj54zsjjhvqsax38apzpd4kv-libbpf-1.5.0' from 'https://cache.nixos.org'...
copying path '/nix/store/7x38mcxzp0rdi28wblbbk932kcx43dy0-strace-6.14' from 'https://cache.nixos.org'...
copying path '/nix/store/5x4yxvj44bypi1y9axs1zbings0mm2vr-tpm2-tss-4.1.3' from 'https://cache.nixos.org'...
copying path '/nix/store/vsrm073m1ydp3bmd7xkfnlqj13cjz31x-util-linux-2.40.4-login' from 'https://cache.nixos.org'...
copying path '/nix/store/am8l1wzwky8xjj0bfn6xkzkz8z16g5j5-libXt-1.3.1' from 'https://cache.nixos.org'...
copying path '/nix/store/2j1a0y29bmsmkfkmkk8pvscyfg3imjn4-util-linux-2.40.4-mount' from 'https://cache.nixos.org'...
copying path '/nix/store/wn08kigah84lzfrc2j4l7j6d6321iply-aws-sdk-cpp-1.11.448' from 'https://cache.nixos.org'...
copying path '/nix/store/mrn48pfixzil44za27ii51pkr47aqv64-util-linux-2.40.4-swap' from 'https://cache.nixos.org'...
copying path '/nix/store/8161jxy42ffjbb2yb5z9jw3g6nsm6qyb-util-linux-minimal-2.40.4-mount' from 'https://cache.nixos.org'...
copying path '/nix/store/8qx8w49c11cc2sgjk872x7q492inisf9-util-linux-minimal-2.40.4-swap' from 'https://cache.nixos.org'...
copying path '/nix/store/fyq8jm42vgj7is5yw6m0wilfbdvvcj8v-iproute2-6.14.0' from 'https://cache.nixos.org'...
copying path '/nix/store/szlvk4bv1csjnpm96m49ah0nmngi0dwf-e2fsprogs-1.47.2-bin' from 'https://cache.nixos.org'...
copying path '/nix/store/qx0shjr8mbpsj46ms0yn4js8yx40fqg8-btrfs-progs-6.14' from 'https://cache.nixos.org'...
copying path '/nix/store/ks46isf256dfimf8jgw0ki9xys6fnzn1-libXmu-1.2.1' from 'https://cache.nixos.org'...
copying path '/nix/store/sb9x1d235f0s5cxilw3s7sb1qlpbq1qx-nix-2.28.2' from 'https://cache.nixos.org'...
copying path '/nix/store/wcm0kqq2ws5l2dbc0413mvrz3yh919sq-util-linux-minimal-2.40.4-bin' from 'https://cache.nixos.org'...
copying path '/nix/store/imq0vb5h4i37i56b1zr4gammbv2svbsv-xauth-1.1.4' from 'https://cache.nixos.org'...
copying path '/nix/store/cwbwsvdvsl91v4lbn62s8br1svk350ax-audit-4.0.3-lib' from 'https://cache.nixos.org'...
copying path '/nix/store/l204kxmgmfw9zzq65nrwwhkajnk87vk9-bcache-tools-1.0.8' from 'https://cache.nixos.org'...
copying path '/nix/store/943wbs3gl0as70v8rv9285irghpdcfy6-etc-shells' from 'https://cache.nixos.org'...
copying path '/nix/store/36q6xnifm4apk0h9z6sxy5lv3ard8rfy-nix-info' from 'https://cache.nixos.org'...
copying path '/nix/store/irvmr9cjz43zqxyn5bifga9y6v7ikggb-nixos-firewall-tool' from 'https://cache.nixos.org'...
copying path '/nix/store/mp7c93kpl66sm6acvhpnjn4ci7764xk4-vim-9.1.1231' from 'https://cache.nixos.org'...
copying path '/nix/store/lqvvrgs6v3fg07gwwfyv543qnyl7dqki-audit-4.0.3-bin' from 'https://cache.nixos.org'...
copying path '/nix/store/fcy06jrlqxqpg5003jx8wbbwb5mwgd75-linux-pam-1.6.1' from 'https://cache.nixos.org'...
copying path '/nix/store/v5yj0cdlfihfq2vd09jlfywdk22qw00l-shared-mime-info-2.4' from 'https://cache.nixos.org'...
copying path '/nix/store/9xdmy5zjy6gamg5n4gfvgyfbaidvbr78-console-env' from 'https://cache.nixos.org'...
copying path '/nix/store/sbymwq1pkg30jy5zgcsyq092xazf5zgl-systemd-minimal-257.3' from 'https://cache.nixos.org'...
copying path '/nix/store/i5zqpqc3d152py3dmina6q3lrxrcgn4x-check-mountpoints' from 'https://cache.nixos.org'...
copying path '/nix/store/ak522cxa85psx17s9rbkhr6lamdpknln-fuse-3.16.2' from 'https://cache.nixos.org'...
copying path '/nix/store/2r8iabzx9zxxvp62dxy6sqlfnm0b053p-lvm2-2.03.31-bin' from 'https://cache.nixos.org'...
copying path '/nix/store/135ibmxcz8nvclijv9w0ag4hbs5qx14i-man-db-2.13.0' from 'https://cache.nixos.org'...
copying path '/nix/store/32mlwcz6yfr4ddvdj27v5196dd53d6c6-nixos-enter' from 'https://cache.nixos.org'...
copying path '/nix/store/hgz72klvi0qhichl093v5kbvyn7l2dr2-X-Restart-Triggers-reload-systemd-vconsole-setup' from 'https://cache.nixos.org'...
copying path '/nix/store/n6f6z7vd8lkx96i9kfzj2fa21g7lh2j2-fuse-3.16.2-bin' from 'https://cache.nixos.org'...
copying path '/nix/store/xw20j94mz7jwzlsf2jcsnlnz53wxdhm1-nixos-install' from 'https://cache.nixos.org'...
copying path '/nix/store/42qi67mi6qgz1f0m7xzbgchqqwv0k9y6-perl-5.40.0-env' from 'https://cache.nixos.org'...
copying path '/nix/store/cffrismjb5jh9287ygkafddyv0qyp1r2-perl-5.40.0-env' from 'https://cache.nixos.org'...
copying path '/nix/store/iqnszcixs6xz0syhar0mq73vx0zzrsv0-perl-5.40.0-env' from 'https://cache.nixos.org'...
copying path '/nix/store/31gaksmywd265j556gczi3xx1fa486vb-perl5.40.0-DBI-1.644' from 'https://cache.nixos.org'...
copying path '/nix/store/fbq058dx0sm2j21kbaf79gp71nw0ig1f-perl5.40.0-String-ShellQuote-1.04' from 'https://cache.nixos.org'...
copying path '/nix/store/hp0zffc58rpyh4f2fafdmblxgaxv973d-texinfo-interactive-7.1.1' from 'https://cache.nixos.org'...
copying path '/nix/store/nyw0b308nn6rpn3ym8427hq5q2wz2ka5-lvm2-2.03.31' from 'https://cache.nixos.org'...
copying path '/nix/store/91h48jgcamgkkx7lljarqh43y4q4k8pk-nixos-option' from 'https://cache.nixos.org'...
copying path '/nix/store/qdkyvrkjgwmj9pcxw1gis06avvzc3sma-chfn.pam' from 'https://cache.nixos.org'...
copying path '/nix/store/4ijqbjcp6sn3n5fc07brharqbxmrs9dj-chpasswd.pam' from 'https://cache.nixos.org'...
copying path '/nix/store/jy91dviis16yd71bbx54296gbxhv4mnh-chsh.pam' from 'https://cache.nixos.org'...
copying path '/nix/store/h2gzmhnipd8vswys6d9jj8pfbgnrdfgf-groupadd.pam' from 'https://cache.nixos.org'...
copying path '/nix/store/kw58h810fm2zmk6428sjqr65smaq8xnx-groupdel.pam' from 'https://cache.nixos.org'...
copying path '/nix/store/pi4ajfm7vvsnhjfjyzfpgia1pxiqb6pr-groupmems.pam' from 'https://cache.nixos.org'...
copying path '/nix/store/nk8m4amp0j5gl4qr5knzzqr0y94yfdms-groupmod.pam' from 'https://cache.nixos.org'...
copying path '/nix/store/kbrvg4cv5vljd8yazqciisr49dd4v30v-libpwquality-1.4.5-lib' from 'https://cache.nixos.org'...
copying path '/nix/store/8d5b1ynbpyfmr8v41x1cbzzd31xmqmld-openssh-9.9p2' from 'https://cache.nixos.org'...
copying path '/nix/store/6q6sxgyhnkm8mmb5xf87kqzyanp7a68b-passwd.pam' from 'https://cache.nixos.org'...
copying path '/nix/store/iycrh8pqizprr09f88j8gpn02i689rhv-runuser-l.pam' from 'https://cache.nixos.org'...
copying path '/nix/store/9ynl14g32xzgzlqb751hq7cvnzq023nl-runuser.pam' from 'https://cache.nixos.org'...
copying path '/nix/store/jh0f7b93g5s5vnzpzad05sfp1vl53j8f-su.pam' from 'https://cache.nixos.org'...
copying path '/nix/store/j7c7g23ywxwjjgciz3386zxz1hhjx78p-security-wrapper-unix_chkpwd-x86_64-unknown-linux-musl' from 'https://cache.nixos.org'...
copying path '/nix/store/rzivhd10y18m2v82vy9jdizxi2382bsy-security-wrapper-fusermount3-x86_64-unknown-linux-musl' from 'https://cache.nixos.org'...
copying path '/nix/store/pvmb71fw6pw4xhgpnsjbvc8krlcklbwq-sudo-1.9.16p2' from 'https://cache.nixos.org'...
copying path '/nix/store/anjxrjy04ka2hzs0j1ba50c3v44dzs1d-sudo.pam' from 'https://cache.nixos.org'...
copying path '/nix/store/n60fda3z8cggqd4m8cvh1g19m1z0k545-perl5.40.0-DBD-SQLite-1.74' from 'https://cache.nixos.org'...
copying path '/nix/store/amc4yh7m8n6gsq5gjd3qf16wmmwpv9qm-tcb-1.2' from 'https://cache.nixos.org'...
copying path '/nix/store/3mgql0xagq6n2qf148nmxsyiqif5xn5r-useradd.pam' from 'https://cache.nixos.org'...
copying path '/nix/store/v5adpbkx2pk82mr5gfj5rdhwcc5shm3k-userdel.pam' from 'https://cache.nixos.org'...
copying path '/nix/store/y5ilrcxyn0kp1syznr7zb3h31pjkwznv-usermod.pam' from 'https://cache.nixos.org'...
copying path '/nix/store/f014jdgm08v6kwf6fyizz8hv5vcn45gd-vlock.pam' from 'https://cache.nixos.org'...
copying path '/nix/store/yc98zrzgw5xhddqqbhbk8li2xyi35fg5-w3m-0.5.3+git20230121' from 'https://cache.nixos.org'...
copying path '/nix/store/wxx5ggdn0frqvii4j0j9blrd62l8k0qq-shadow-4.17.4' from 'https://cache.nixos.org'...
copying path '/nix/store/60a1psllllbk9lfbbihf17v946nln9wv-perl-5.40.0-env' from 'https://cache.nixos.org'...
copying path '/nix/store/dzh1b0f5x3jypzn78hmhl0p4q296z6z8-systemd-257.3' from 'https://cache.nixos.org'...
copying path '/nix/store/mp19jiiqvmshy0872md5a9xv9fj51hh9-nixos-help' from 'https://cache.nixos.org'...
copying path '/nix/store/8wcj56vpwvg1gx6g1lm8aa3d4n8vds0l-dbus-1.14.10-lib' from 'https://cache.nixos.org'...
copying path '/nix/store/bxcs4a084dz6jnv1w4gmsnz66vk2vc3c-nixos-help' from 'https://cache.nixos.org'...
copying path '/nix/store/y4w8mdfh9nlsqf7nikrm7yanw6qghnmf-dbus-1.14.10' from 'https://cache.nixos.org'...
copying path '/nix/store/9gb5ak5xkhqw1rxf1sr7rapjdswh9kgl-switch-to-configuration-0.1.0' from 'https://cache.nixos.org'...
copying path '/nix/store/6swdzl8z8gyn5ki56a35s9vnmrddfr59-security-wrapper-newgidmap-x86_64-unknown-linux-musl' from 'https://cache.nixos.org'...
copying path '/nix/store/gc6mp5x033k2dxqlqrx3g73ndfp466hl-security-wrapper-newgrp-x86_64-unknown-linux-musl' from 'https://cache.nixos.org'...
copying path '/nix/store/807p8zrcaz1vgl5ywmw1430nz8wkb6ac-security-wrapper-chsh-x86_64-unknown-linux-musl' from 'https://cache.nixos.org'...
copying path '/nix/store/r3pjqigh8n9hgal39ph0az895f5x8q0p-security-wrapper-newuidmap-x86_64-unknown-linux-musl' from 'https://cache.nixos.org'...
copying path '/nix/store/g62p3890hilaa67pfjfycmlm3gk1hlsw-security-wrapper-passwd-x86_64-unknown-linux-musl' from 'https://cache.nixos.org'...
copying path '/nix/store/piij51x8g5zwr2amx619x3jhagjcgv12-security-wrapper-sg-x86_64-unknown-linux-musl' from 'https://cache.nixos.org'...
copying path '/nix/store/d67a192hl8rfkv5azxki4hsxk7531c82-shadow-4.17.4-su' from 'https://cache.nixos.org'...
copying path '/nix/store/giwnczv0nn8mjy14qcbk6cdq2ran5gj9-security-wrapper-dbus-daemon-launch-helper-x86_64-unknown-linux-musl' from 'https://cache.nixos.org'...
copying path '/nix/store/m0cdviydxdhjg79g6a4xrwkdzn7b28dj-security-wrapper-sudo-x86_64-unknown-linux-musl' from 'https://cache.nixos.org'...
copying path '/nix/store/mdjh44fy5bm5dagd59axvawwdrpvag2x-security-wrapper-sudoedit-x86_64-unknown-linux-musl' from 'https://cache.nixos.org'...
copying path '/nix/store/n02gifvwsqw5sva5py3yb30mck0lp2i5-command-not-found' from 'https://cache.nixos.org'...
copying path '/nix/store/s96ypchgj9ppxbmqf7p2vygwidivm0l8-security-wrapper-su-x86_64-unknown-linux-musl' from 'https://cache.nixos.org'...
copying path '/nix/store/3r8a47x4gxa9jp2b81zq8hldwf11cxf9-fuse-2.9.9-bin' from 'https://cache.nixos.org'...
copying path '/nix/store/sidzgxcncysl2j76ihygj6jr1achll06-etc-bashrc' from 'https://cache.nixos.org'...
copying path '/nix/store/9dpq7q0f01ncvqj6ndysjqghl2g200hk-security-wrapper-fusermount-x86_64-unknown-linux-musl' from 'https://cache.nixos.org'...
copying path '/nix/store/5zf4a3g265ks44n86jm0vwkc26sicvb8-etc-ssh-ssh_config' from 'https://cache.nixos.org'...
copying path '/nix/store/9pp8paz3090fj6vx02ypn2vfwqg1g3i6-etc-sysctl.d-60-nixos.conf' from 'https://cache.nixos.org'...
copying path '/nix/store/z2lr21bkysbaj081s0shhjfwzi12g623-login.pam' from 'https://cache.nixos.org'...
copying path '/nix/store/5i9kv7qzw7w7w3smg16qiha5ri1csqln-nixos-generate-config' from 'https://cache.nixos.org'...
copying path '/nix/store/paxnrca57985rx8bs0y4jrpban7cx2cc-procps-4.0.4' from 'https://cache.nixos.org'...
copying path '/nix/store/zsc1dhyzgdc7whm0b6wy472azh3skjp6-sshd.pam' from 'https://cache.nixos.org'...
copying path '/nix/store/b6hmv2krf46v6vm28783samx0q5s4m0j-systemd' from 'https://cache.nixos.org'...
copying path '/nix/store/qpwc2b4bxqvpwabiq5w02fn0v474q698-systemd-user.pam' from 'https://cache.nixos.org'...
copying path '/nix/store/j7cx25riml7plksd6xpv1w6g307fhj5n-unit-audit.service' from 'https://cache.nixos.org'...
copying path '/nix/store/sxnydx4j383xb2l6wzaglb7yh1q7h11y-tmpfiles.d' from 'https://cache.nixos.org'...
copying path '/nix/store/np9c6r6rxy947fcmfma2zj77a7vm5ds9-unit-kmod-static-nodes.service' from 'https://cache.nixos.org'...
copying path '/nix/store/d8kd6pfqk1ad78ymckz1s2x1qvinwh4x-unit-firewall.service' from 'https://cache.nixos.org'...
copying path '/nix/store/alnif1nj18nw559151dwk0ig108mwhw0-unit-logrotate-checkconf.service' from 'https://cache.nixos.org'...
copying path '/nix/store/ilz8mdlakyfnlhinh8d0dvk7qm9d8pbq-unit-logrotate.service' from 'https://cache.nixos.org'...
copying path '/nix/store/q3pi2sa872x4vjclhbzp9584827d8xb1-X-Restart-Triggers-systemd-sysctl' from 'https://cache.nixos.org'...
copying path '/nix/store/459sjp95i7yh7d0kd0ygxws5hjqpyply-unit-nix-optimise.service' from 'https://cache.nixos.org'...
copying path '/nix/store/9fhqfbbyjjykp9sqpf6glyb69rn57kvv-unit-nscd.service' from 'https://cache.nixos.org'...
copying path '/nix/store/2mabgs2b8w6d652j1wzdiskjx3y476mg-unit-post-resume.service' from 'https://cache.nixos.org'...
copying path '/nix/store/8irrpz2np2722hm64kimzr14w3d6kscv-unit-pre-sleep.service' from 'https://cache.nixos.org'...
copying path '/nix/store/jdywjvdw1jg1b6ahddcbcfaly5qmv4bw-unit-prepare-kexec.service' from 'https://cache.nixos.org'...
copying path '/nix/store/wibzhm438f2qhs3ncx26nfbd88njw097-unit-script-container_-start' from 'https://cache.nixos.org'...
copying path '/nix/store/8ln7m4j6852mba82m4hg9pz18bgjy4x4-unit-reload-systemd-vconsole-setup.service' from 'https://cache.nixos.org'...
copying path '/nix/store/yyjcgahn4m2jh81xb68jdmh00r2n7iac-unit-sshd-.service' from 'https://cache.nixos.org'...
copying path '/nix/store/mgafhwsfq8mav6ap6q3dmcb6mbp9yywz-unit-systemd-backlight-.service' from 'https://cache.nixos.org'...
copying path '/nix/store/0yjhjji4hipjgallzcfxywb0lwcn081w-unit-systemd-importd.service' from 'https://cache.nixos.org'...
copying path '/nix/store/pby4x1y9zb8m8sykq4l95gw8na58pvs4-X-Restart-Triggers-systemd-tmpfiles-resetup' from 'https://cache.nixos.org'...
copying path '/nix/store/mw2bizrxghyznc56pzpav9h7f26sxq8a-unit-systemd-journal-flush.service' from 'https://cache.nixos.org'...
copying path '/nix/store/pqalgcnks1086388grd7mz9z58amrab5-unit-systemd-networkd-wait-online-.service' from 'https://cache.nixos.org'...
copying path '/nix/store/yszvzqhdhi7l43dz576qf7x886hipsq6-unit-systemd-logind.service' from 'https://cache.nixos.org'...
copying path '/nix/store/h5y2f1xr28x256zgf3mgy3ih7s9lsq0f-unit-systemd-networkd-wait-online.service' from 'https://cache.nixos.org'...
copying path '/nix/store/1qar136dhhrjfx22bzh1iwgmdka5nwxx-unit-systemd-nspawn-.service' from 'https://cache.nixos.org'...
copying path '/nix/store/7d21k31s2mb557rkgfsgk7sl10qmdccn-unit-systemd-oomd.service' from 'https://cache.nixos.org'...
copying path '/nix/store/6qn3wbcp7yw238wkbg7qq82ircdfm8nm-unit-systemd-pstore.service' from 'https://cache.nixos.org'...
copying path '/nix/store/2lg7ymr3f712i2iw3i9q6khyzm67c7ak-unit-systemd-random-seed.service' from 'https://cache.nixos.org'...
copying path '/nix/store/b3jlcmjnpcdw8q9fb71pxlrz9wccaa4c-unit-systemd-remount-fs.service' from 'https://cache.nixos.org'...
copying path '/nix/store/w5zvwfsik704ay3sjzv6zq2111h58scg-unit-systemd-resolved.service' from 'https://cache.nixos.org'...
copying path '/nix/store/d0aj69jcfzdif0sahc62j8ydi9mg9ic0-unit-systemd-sysctl.service' from 'https://cache.nixos.org'...
copying path '/nix/store/qq4iqfrfaa645lr3i7gzqa1mis04cr0n-unit-systemd-timedated.service' from 'https://cache.nixos.org'...
copying path '/nix/store/pv5f90ijihc07sz3a0bfv4yknlr36g2p-unit-systemd-timesyncd.service' from 'https://cache.nixos.org'...
copying path '/nix/store/mqgypchg9l2j8x0apa6f4i5d6hcd9n67-unit-systemd-tmpfiles-resetup.service' from 'https://cache.nixos.org'...
copying path '/nix/store/dhxnfllqigl6mf1v2470141xpwvnf5cr-unit-systemd-tmpfiles-setup.service' from 'https://cache.nixos.org'...
copying path '/nix/store/1c9bk5dwjj6cmi87wy56riim9ylxx02n-unit-systemd-udev-settle.service' from 'https://cache.nixos.org'...
copying path '/nix/store/lcy197yxs9sblnxja9mgslkvr3xk8cb6-unit-systemd-update-utmp.service' from 'https://cache.nixos.org'...
copying path '/nix/store/pz8lsx91izxmq4h8gxnf82zpphjhnwvs-unit-systemd-user-sessions.service' from 'https://cache.nixos.org'...
copying path '/nix/store/1pkxjmzhazkcyi3pycwhz2xkp4qqk09c-unit-user-.service' from 'https://cache.nixos.org'...
copying path '/nix/store/gxg06rgp0jkg79l3hxvd48bvr9w6ypxv-unit-user-runtime-dir-.service' from 'https://cache.nixos.org'...
copying path '/nix/store/gg4d45b88ilysl7l875yshqxcbyz5bri-unit-zfs-mount.service' from 'https://cache.nixos.org'...
copying path '/nix/store/lmy91dd44i4zsdshbnpbsbv9ids2hgj8-unit-zfs-share.service' from 'https://cache.nixos.org'...
copying path '/nix/store/3k6g2cv3fnvb26j8lab9hadw2fj6r21j-unit-zfs-zed.service' from 'https://cache.nixos.org'...
copying path '/nix/store/8d3yc3igs2plw2zijs5bh905y79qzssf-util-linux-2.40.4-bin' from 'https://cache.nixos.org'...
copying path '/nix/store/zw7kjhmsyx6g9zsiml06kxkylkfyw6wx-getty' from 'https://cache.nixos.org'...
copying path '/nix/store/yllf7ldqpw6k32w7zsm0m24s39qsrg6d-mount-pstore.sh' from 'https://cache.nixos.org'...
copying path '/nix/store/3y048vrv20lccrivgv2rjlvb52902p9a-nixos-container' from 'https://cache.nixos.org'...
copying path '/nix/store/z23d2xn0bs2x2755n3jz5qm6crd5pb8q-nixos-rebuild' from 'https://cache.nixos.org'...
copying path '/nix/store/n9zxyhnyq1fkmafw3xmpl7i9gqx8j17h-security-wrapper-mount-x86_64-unknown-linux-musl' from 'https://cache.nixos.org'...
copying path '/nix/store/ir980m9ndr0qprhww1j2sfzwz7vmhxdj-security-wrapper-umount-x86_64-unknown-linux-musl' from 'https://cache.nixos.org'...
copying path '/nix/store/y8kgkm5wgxh51ssjl01q0bmmrjfjnnq5-udev-path' from 'https://cache.nixos.org'...
copying path '/nix/store/rlxvc3mh72kgcxhmd1dxxa43ngf3hzfd-unit-autovt-.service' from 'https://cache.nixos.org'...
copying path '/nix/store/nkck5hdvhlzhzxd5kvklkjrrjild8xrg-unit-save-hwclock.service' from 'https://cache.nixos.org'...
copying path '/nix/store/ajshxyvbmvanr7xrzan2rylh5da9yays-unit-container-getty-.service' from 'https://cache.nixos.org'...
copying path '/nix/store/2w27jla0907i8wajxll5wyqy4r7j2xls-unit-script-nixos-activation-start' from 'https://cache.nixos.org'...
copying path '/nix/store/aw0vwq7yabf19h1r92xlmqph2l7y5m8z-unit-serial-getty-.service' from 'https://cache.nixos.org'...
copying path '/nix/store/z0v4yw98m1ph0345skzswa44c0riasg3-unit-systemd-mkswap-.service' from 'https://cache.nixos.org'...
copying path '/nix/store/a56vmvks5y68mhsq1fm1fjihn0kjyqn2-50-coredump.conf' from 'https://cache.nixos.org'...
copying path '/nix/store/81ncbysl5jn2imn05rms8gryv6kxh219-unit-mount-pstore.service' from 'https://cache.nixos.org'...
copying path '/nix/store/gb0lm90pv2cxf5p8rw3j248fxbk09j5a-getty' from 'https://cache.nixos.org'...
copying path '/nix/store/gcmr1zms1s82kdy0fhmz7mrq02hr8x8z-zfs-kernel-2.3.1-6.12.24' from 'https://cache.nixos.org'...
copying path '/nix/store/srp686fq0hrznhzs3igzmg0rj3fhmf8n-unit-nixos-activation.service' from 'https://cache.nixos.org'...
copying path '/nix/store/r5q8aw16nznflmvhz1435ma24w0bdyj4-unit-script-suid-sgid-wrappers-start' from 'https://cache.nixos.org'...
copying path '/nix/store/lv90fd49ihnyhgikv4azshgaz2nas352-reload-container' from 'https://cache.nixos.org'...
copying path '/nix/store/npdjpzza06mmnrnxh5lrc6zalbcc2h1c-unit-getty-.service' from 'https://cache.nixos.org'...
copying path '/nix/store/xkkxpjj7fvvfhfvl7qs4mi0hfz6rd3m3-unit-container-.service' from 'https://cache.nixos.org'...
copying path '/nix/store/9p6pqxszv5xh8gayvkg886rj2yycd754-unit-suid-sgid-wrappers.service' from 'https://cache.nixos.org'...
copying path '/nix/store/c7m4mg0pmqkfwyxl0xq6zxyw41gng4pa-linux-6.12.24-modules' from 'https://cache.nixos.org'...
copying path '/nix/store/fsgdcwanbpd8s9j3x460g2j50jsz7p4a-nfs-utils-2.7.1' from 'https://cache.nixos.org'...
copying path '/nix/store/09q3fbagrzgw8gkginyzr5gd5303zw2d-systemd-boot' from 'https://cache.nixos.org'...
copying path '/nix/store/yfvqwvzwhi0bwqjh7pgr39a8y78a238z-install-systemd-boot.sh' from 'https://cache.nixos.org'...
copying path '/nix/store/i70v6xccvv9wy4hcc86ihfcm2i9wwcaz-zfs-user-2.3.1' from 'https://cache.nixos.org'...
copying path '/nix/store/w30ya87n2rbksyrmyk3dzd83v6qm8kyn-etc-systemd-system.conf' from 'https://cache.nixos.org'...
copying path '/nix/store/cr8a7xvhpikq221vi894mzbf00v4y2vv-etc-zfs-zed.d-zed.rc' from 'https://cache.nixos.org'...
copying path '/nix/store/ml84v00q5q0h6vsx6sxrx0shymbbh3nv-unit-systemd-fsck-.service' from 'https://cache.nixos.org'...
copying path '/nix/store/899rzlmm1kfc7ddc3bixq7d4az676fpb-unit-systemd-makefs-.service' from 'https://cache.nixos.org'...
copying path '/nix/store/1b6ni4iccb3qs0mhxylk6bffyhvrcpmz-unit-zpool-trim.service' from 'https://cache.nixos.org'...
copying path '/nix/store/20gpz0j7jfvm5mcygbrjvp14mnyj0g4b-zpool-sync-shutdown' from 'https://cache.nixos.org'...
copying 73 paths...
copying path '/nix/store/113sliksfhq047y139w7sc4s1p0kg1bn-sudoers' to 'ssh://root@127.0.0.1'...
copying path '/nix/store/1bw00hb1b19fndqpvsr62vikaa7sdwgg-unit-10-lan.network' to 'ssh://root@127.0.0.1'...
copying path '/nix/store/38n6isdnn1vh3bqjfahhqflmsx076h6q-nixos.conf' to 'ssh://root@127.0.0.1'...
copying path '/nix/store/3vazh2835aak5j0297ivkz39k7a9ybrv-etc-nix-registry.json' to 'ssh://root@127.0.0.1'...
copying path '/nix/store/66samx24ab61518ibd7swfhgbhp350l9-link-units' to 'ssh://root@127.0.0.1'...
copying path '/nix/store/69c94khwyay6q5z4wg23x09cpy1r79kq-nix.conf' to 'ssh://root@127.0.0.1'...
copying path '/nix/store/6yb8xxhi94k8zkh7fn4klahghbg24j08-hwdb.bin' to 'ssh://root@127.0.0.1'...
copying path '/nix/store/85cc522msnx5xi8dnylp42vf23a7qbmd-udev-rules' to 'ssh://root@127.0.0.1'...
copying path '/nix/store/8wip7h57alapk86gcwh99bg1hyk8siah-linux-6.12.24-modules-shrunk' to 'ssh://root@127.0.0.1'...
copying path '/nix/store/a7fh8qgca3vlwmmqxw81qd0q22wf5l6w-extra-utils' to 'ssh://root@127.0.0.1'...
copying path '/nix/store/ayslcj4m8ynr3innnxrns1hpcczp1qqn-unit-dhcpcd.service' to 'ssh://root@127.0.0.1'...
copying path '/nix/store/bsf41snr3paw6l8i84sfhkd4m0flgaw7-etc-systemd-journald.conf' to 'ssh://root@127.0.0.1'...
copying path '/nix/store/cnlr9cqhsjy0ha1s6k9xip921058xi8p-users-groups.json' to 'ssh://root@127.0.0.1'...
copying path '/nix/store/cpc5gzxzp02777w30va3fbi4pcbnyll8-append-initrd-secrets' to 'ssh://root@127.0.0.1'...
copying path '/nix/store/d9lncy99ksq5gbc6bs85npqxvlmkk24j-unit-script-sshd-pre-start' to 'ssh://root@127.0.0.1'...
copying path '/nix/store/g3z83hq44x8222y2ax0p02hpqdqmgkwh-set-environment' to 'ssh://root@127.0.0.1'...
copying path '/nix/store/gkir8j9gv67bl2lcpl4lwv37fbyym1ld-etc-fstab' to 'ssh://root@127.0.0.1'...
copying path '/nix/store/hpgf9rf2m6wl8saif45m0aqlgafvanhj-X-Restart-Triggers-nix-daemon' to 'ssh://root@127.0.0.1'...
copying path '/nix/store/i29mrdrm8vm6n8ybn5g918ynpxbyfgj2-skarabox-authorized_keys' to 'ssh://root@127.0.0.1'...
copying path '/nix/store/in2rks23r2lxaf6yxma83cz2pscgbsc9-ssh_skarabox.pub' to 'ssh://root@127.0.0.1'...
copying path '/nix/store/jxg31r38b5mcn01qh68n38g0yb03hxys-unit-script-nix-gc-start' to 'ssh://root@127.0.0.1'...
copying path '/nix/store/m9c7a4mwrc1j1y0p9az339skcrc5vass-etc-pam-environment' to 'ssh://root@127.0.0.1'...
copying path '/nix/store/ny80x333zjf1prnfa0v2yfm8rc94ing7-hosts' to 'ssh://root@127.0.0.1'...
copying path '/nix/store/p6nqsny44fqs7y8k5xp8h9m7hhcdmmwc-sshd.conf-final' to 'ssh://root@127.0.0.1'...
copying path '/nix/store/pa2kbrs2fdncsn448vmr2y4g1ws39xpc-initrd-fsinfo' to 'ssh://root@127.0.0.1'...
copying path '/nix/store/pijbh4c3xn0cfiyajy0whkbclh3i363p-unit-zfs-scrub.timer' to 'ssh://root@127.0.0.1'...
copying path '/nix/store/pkniai7shspnpgb237a8i8li3r4s2bcj-udev-rules' to 'ssh://root@127.0.0.1'...
copying path '/nix/store/q98s8wb9fffnzpxlhs3xp5m1gqy56iik-nixos-version' to 'ssh://root@127.0.0.1'...
copying path '/nix/store/qfwn3s6qm315xnmyr35dznw3jh9sa2pj-issue' to 'ssh://root@127.0.0.1'...
copying path '/nix/store/qj47dk40d49mfk4xycw4ic7nzbnw86ic-etc-profile' to 'ssh://root@127.0.0.1'...
copying path '/nix/store/qs9v9wws127fs66s3r8m095kqjggwhyh-X-Restart-Triggers-systemd-modules-load' to 'ssh://root@127.0.0.1'...
copying path '/nix/store/r5pklkfyg2ignlcwq4b32my9x8wznk7c-unit-nix-gc.timer' to 'ssh://root@127.0.0.1'...
copying path '/nix/store/rf8zd3kfajgs7nzlf0q7sw5jkf11azvh-etc-hostname' to 'ssh://root@127.0.0.1'...
copying path '/nix/store/rifh3nn9m3pary3lxxjq4f4mg7r049a6-unit-script-zfs-scrub-start' to 'ssh://root@127.0.0.1'...
copying path '/nix/store/rlf34cshqqvbyrw1cd4g55f1ryrv89fm-unit-script-zfs-sync-zdata-start' to 'ssh://root@127.0.0.1'...
copying path '/nix/store/rxd8iqdbbjsxpik3y3hsacy5jp9vsinq-unit-systemd-modules-load.service' to 'ssh://root@127.0.0.1'...
copying path '/nix/store/smm17g4gricsbg8n53rqy8s8z8mn8dh8-X-Restart-Triggers-systemd-journald' to 'ssh://root@127.0.0.1'...
copying path '/nix/store/vh17nc23jfikag9wic014rcrhk3s51vb-firmware' to 'ssh://root@127.0.0.1'...
copying path '/nix/store/wcay64db9pblb13nn51jnws0kbdb1gmf-gen-hostid' to 'ssh://root@127.0.0.1'...
copying path '/nix/store/3qx87qqlv5n50zv5mz12fkxsavgyc310-X-Reload-Triggers-systemd-networkd' to 'ssh://root@127.0.0.1'...
copying path '/nix/store/0d82gzs4mll9wszj6y7z7l6yrl0q4x2x-X-Restart-Triggers-systemd-udevd' to 'ssh://root@127.0.0.1'...
copying path '/nix/store/9fb2nkl3sp23618hz1svr89rrs9bzfhg-X-Restart-Triggers-systemd-journald-' to 'ssh://root@127.0.0.1'...
copying path '/nix/store/0lazj8iw5mim6j8gi030i58f81j1dykf-unit-nix-daemon.service' to 'ssh://root@127.0.0.1'...
copying path '/nix/store/x75gdy59barx661wjzni3hbrnhivjcdf-unit-nix-gc.service' to 'ssh://root@127.0.0.1'...
copying path '/nix/store/xlqvprda63lr65fgbrlzk47lifpvg8vm-unit-sshd-keygen.service' to 'ssh://root@127.0.0.1'...
copying path '/nix/store/xygfl0gkh5brjjqwz4fiw464wpqnrf90-unit-script-zfs-import-zdata-start' to 'ssh://root@127.0.0.1'...
copying path '/nix/store/3ajn8k0r9w16f17bhh4ir1qqq5pyn3jq-X-Restart-Triggers-sshd' to 'ssh://root@127.0.0.1'...
copying path '/nix/store/yf86b26i3yanyz5rn2g0nfvk29gw4hv2-etc-os-release' to 'ssh://root@127.0.0.1'...
copying path '/nix/store/yhh0y5ghdyk882f76pjz1iff5igmp4cn-unit-cpufreq.service' to 'ssh://root@127.0.0.1'...
copying path '/nix/store/ldqsp27dw1zsr8v5w35pf40wfkq02cc4-stage-1-init.sh' to 'ssh://root@127.0.0.1'...
copying path '/nix/store/zx3vdiaa3gan33mz22xm0sazxfb0y91v-unit-script-zfs-sync-root-start' to 'ssh://root@127.0.0.1'...
copying path '/nix/store/m4g73rbgdiwx91nl22hxrabzp7zflvp9-system-path' to 'ssh://root@127.0.0.1'...
copying path '/nix/store/h671d4l6y1hlvnn6q9brdlivjjdnjy5z-unit-zfs-scrub.service' to 'ssh://root@127.0.0.1'...
copying path '/nix/store/mv9sll7jzgswr4m6cp6gq8bbm1zmxw8k-unit-zfs-sync-zdata.service' to 'ssh://root@127.0.0.1'...
copying path '/nix/store/w8mc2i4cqpmnfvc0rvcqlc3r86jsbqyj-unit-systemd-journald.service' to 'ssh://root@127.0.0.1'...
copying path '/nix/store/x5xk9gwx5cin9xc4j0543v865hwqzr3r-etc-modprobe.d-firmware.conf' to 'ssh://root@127.0.0.1'...
copying path '/nix/store/38ac0jbls17p1zxlrx04n113kjxprfyk-unit-systemd-networkd.service' to 'ssh://root@127.0.0.1'...
copying path '/nix/store/6i2fp3fj8ln7iyr07v2y6rrbhvzklxbs-unit-systemd-udevd.service' to 'ssh://root@127.0.0.1'...
copying path '/nix/store/918kn7925jbshn09n5w0wgxxwav8ap1n-unit-systemd-journald-.service' to 'ssh://root@127.0.0.1'...
copying path '/nix/store/x0lagf0apl90gs84sjvqzvf9hv4230z8-unit-zfs-import-zdata.service' to 'ssh://root@127.0.0.1'...
copying path '/nix/store/q0c38l4q0pm1xgl2n3kyhd8msbpg778p-unit-sshd.service' to 'ssh://root@127.0.0.1'...
copying path '/nix/store/rmrqb4fckkr02gj59rp2rdf2y1vv6i1s-shutdown-ramfs-contents.json' to 'ssh://root@127.0.0.1'...
copying path '/nix/store/j377fqjk3swbp0y7xg1g2alsi7r129fr-initrd-linux-6.12.24' to 'ssh://root@127.0.0.1'...
copying path '/nix/store/vdgxz65lcglc5c0drhrs7gc8pg82yp2s-unit-zfs-sync-root.service' to 'ssh://root@127.0.0.1'...
copying path '/nix/store/2rqcvlg65w7dmxh5h3dkhgmdnf7vxa6y-dbus-1' to 'ssh://root@127.0.0.1'...
copying path '/nix/store/sjl19cd08g99wn97h9j4dhikcva80y4i-unit-generate-shutdown-ramfs.service' to 'ssh://root@127.0.0.1'...
copying path '/nix/store/0axn4r79kyb51rwllnmggskjw9bqkp66-X-Restart-Triggers-dbus' to 'ssh://root@127.0.0.1'...
copying path '/nix/store/n7h6y9hq993vv94jlmnhkvqbd54hsf43-unit-dbus.service' to 'ssh://root@127.0.0.1'...
copying path '/nix/store/wqbs3nir9c49jfk36jlh8syhfch49n81-unit-dbus.service' to 'ssh://root@127.0.0.1'...
copying path '/nix/store/ia2q9w8hq5ri8j0nbav9h0yjw7f1rgk3-system-units' to 'ssh://root@127.0.0.1'...
copying path '/nix/store/015k8086aqdhhjsp09722my1kckz4bdx-user-units' to 'ssh://root@127.0.0.1'...
copying path '/nix/store/2cznx4wcfgfc8ngi9zrwxmsy8ab7hhwb-etc' to 'ssh://root@127.0.0.1'...
copying path '/nix/store/3wf9ggbwb1wbzwcjz0jj6asw6wdq4gsf-nixos-system-skarabox-25.05.20250423.8a2f738' to 'ssh://root@127.0.0.1'...
### Installing NixOS ###
Pseudo-terminal will not be allocated because stdin is not a terminal.
Warning: Permanently added '[127.0.0.1]:2222' (ED25519) to the list of known hosts.
installing the boot loader...
setting up /etc...
Created "/boot/EFI".
Created "/boot/EFI/systemd".
Created "/boot/EFI/BOOT".
Created "/boot/loader".
Created "/boot/loader/keys".
Created "/boot/loader/entries".
Created "/boot/EFI/Linux".
Copied "/nix/store/dzh1b0f5x3jypzn78hmhl0p4q296z6z8-systemd-257.3/lib/systemd/boot/efi/systemd-bootx64.efi" to "/boot/EFI/systemd/systemd-bootx64.efi".
Copied "/nix/store/dzh1b0f5x3jypzn78hmhl0p4q296z6z8-systemd-257.3/lib/systemd/boot/efi/systemd-bootx64.efi" to "/boot/EFI/BOOT/BOOTX64.EFI".
Random seed file /boot/loader/random-seed successfully written (32 bytes).
Successfully initialized system token in EFI variable with 32 bytes.
Created EFI boot entry "Linux Boot Manager".
installation finished!
umount: /mnt/srv/backup (zdata/backup) unmounted
umount: /mnt/persist (root/safe/persist) unmounted
umount: /mnt/nix (root/local/nix) unmounted
umount: /mnt/home (root/safe/home) unmounted
umount: /mnt/boot unmounted
umount: /mnt (root/local/root) unmounted
### Waiting for the machine to become unreachable due to reboot ###
Warning: Permanently added '[127.0.0.1]:2222' (ED25519) to the list of known hosts.
[2J[01;01H[=3h[2J[01;01H[2J[01;01H[=3h[2J[01;01H[2J[01;01H[=3h[2J[01;01HBdsDxe: loading Boot0008 "Linux Boot Manager" from HD(1,GPT,F592522C-2AE3-4040-BEE9-A316378AA3EC,0x800,0xFA000)/\EFI\systemd\systemd-bootx64.efi
BdsDxe: starting Boot0008 "Linux Boot Manager" from HD(1,GPT,F592522C-2AE3-4040-BEE9-A316378AA3EC,0x800,0xFA000)/\EFI\systemd\systemd-bootx64.efi
 [2J[01;01H[15;33H[0m[30m[47m               NixOS                [16;33H[0m[37m[40m   Reboot Into Firmware Interface   [18;01H                                            Boot in 5 s.                                           [17;30H──────────────────────────────────────────### Done! ###
[1;31mSKARABOX-TEMPLATE:[0m [1;0mInstallation succeeded.[0m
[1;31mSKARABOX-TEMPLATE:[0m [1;0mStarting ssh loop to figure out when VM is ready to receive root passphrase.[0m
[1;31mSKARABOX-TEMPLATE:[0m [1;0mYou might see some flickering on the command line.[0m
[18;01H                                            Boot in 4 s.                                           [17;30H──────────────────────────────────────────[18;01H                                            Boot in 3 s.                                           [17;30H──────────────────────────────────────────[18;01H                                            Boot in 2 s.                                           [17;30H──────────────────────────────────────────[18;01H                                            Boot in 1 s.                                           [17;30H──────────────────────────────────────────[2J[01;01HEFI stub: Loaded initrd from LINUX_EFI_INITRD_MEDIA_GUID device path
this derivation will be built:
  /nix/store/ysf3q56clai3kgrns6y1s0185hrxisvk-ssh.sh.drv
building '/nix/store/ysf3q56clai3kgrns6y1s0185hrxisvk-ssh.sh.drv'...
+ /nix/store/8d5b1ynbpyfmr8v41x1cbzzd31xmqmld-openssh-9.9p2/bin/ssh -p 2223 root@127.0.0.1 -o IdentitiesOnly=yes -o UserKnownHostsFile=known_hosts -o ConnectTimeout=10 -F none echo connected
Connection timed out during banner exchange
Connection to 127.0.0.1 port 2223 timed out
+ /nix/store/8d5b1ynbpyfmr8v41x1cbzzd31xmqmld-openssh-9.9p2/bin/ssh -p 2223 root@127.0.0.1 -o IdentitiesOnly=yes -o UserKnownHostsFile=known_hosts -o ConnectTimeout=10 -F none echo connected
